09-16 19:01:47.198 (+0.0) запуск: экран 3392x2400, версия игры релиз
09-16 19:01:47.199 (+0.0) лог: /storage/emulated/0/Download/benzware.log (обрезается на 256 КБ, архив .1)
09-16 19:01:47.375 (+0.2) привязка: pid 27164, libil2cpp.so по адресу 0x758237c000, /proc/27164/mem открыт
09-16 19:01:47.398 (+0.2) сводка: привязка есть, тач инъекция есть, боксов 0, игроков рядом 0, чтений 1, отказов 0, переоткрытий 0, errno 0
09-16 19:01:47.398 (+0.2) аим: не активен, коэффициент 0.0000/0.0000 (запасной), чувствительность 0.00, остаток 0.00/0.00 град, шагов 0, смен знака 0
09-16 19:01:51.416 (+4.2) мир: 4 с без кадра (сторож) — сброс кэшей, ищу раскладку заново
09-16 19:01:52.406 (+5.2) сводка: привязка есть, тач инъекция есть, боксов 0, игроков рядом 0, чтений 602, отказов 2093, переоткрытий 0, errno 5
09-16 19:01:52.406 (+5.2) аим: не активен, коэффициент 0.0000/0.0000 (запасной), чувствительность 0.00, остаток 0.00/0.00 град, шагов 0, смен знака 0
09-16 19:01:55.474 (+8.3) мир: 4 с без кадра (сторож) — сброс кэшей, ищу раскладку заново
09-16 19:01:57.411 (+10.2) сводка: привязка есть, тач инъекция есть, боксов 0, игроков рядом 0, чтений 1201, отказов 5070, переоткрытий 0, errno 5
09-16 19:01:57.411 (+10.2) аим: не активен, коэффициент 0.0000/0.0000 (запасной), чувствительность 0.00, остаток 0.00/0.00 град, шагов 0, смен знака 0
09-16 19:01:59.523 (+12.3) мир: 4 с без кадра (сторож) — сброс кэшей, ищу раскладку заново
09-16 19:02:02.426 (+15.2) сводка: привязка есть, тач инъекция есть, боксов 0, игроков рядом 0, чтений 1803, отказов 8060, переоткрытий 0, errno 5
09-16 19:02:02.426 (+15.2) аим: не активен, коэффициент 0.0000/0.0000 (запасной), чувствительность 0.00, остаток 0.00/0.00 град, шагов 0, смен знака 0
09-16 19:02:03.566 (+16.4) мир: 4 с без кадра (сторож) — сброс кэшей, ищу раскладку заново
09-16 19:02:07.430 (+20.2) сводка: привязка есть, тач инъекция есть, боксов 0, игроков рядом 0, чтений 2398, отказов 11020, переоткрытий 0, errno 5
09-16 19:02:07.431 (+20.2) аим: не активен, коэффициент 0.0000/0.0000 (запасной), чувствительность 0.00, остаток 0.00/0.00 град, шагов 0, смен знака 0
09-16 19:02:07.649 (+20.5) мир: 4 с без кадра (сторож) — сброс кэшей, ищу раскладку заново
09-16 19:02:11.702 (+24.5) мир: 4 с без кадра (сторож) — сброс кэшей, ищу раскладку заново
09-16 19:02:12.444 (+25.2) сводка: привязка есть, тач инъекция есть, боксов 0, игроков рядом 0, чтений 2997, отказов 14000, переоткрытий 0, errno 5
09-16 19:02:12.444 (+25.2) аим: не активен, коэффициент 0.0000/0.0000 (запасной), чувствительность 0.00, остаток 0.00/0.00 град, шагов 0, смен знака 0
09-16 19:02:15.756 (+28.6) мир: 4 с без кадра (сторож) — сброс кэшей, ищу раскладку заново
09-16 19:02:17.452 (+30.3) сводка: привязка есть, тач инъекция есть, боксов 0, игроков рядом 0, чтений 3597, отказов 16980, переоткрытий 0, errno 5
09-16 19:02:17.452 (+30.3) аим: не активен, коэффициент 0.0000/0.0000 (запасной), чувствительность 0.00, остаток 0.00/0.00 град, шагов 0, смен знака 0
09-16 19:02:19.807 (+32.6) мир: 4 с без кадра (сторож) — сброс кэшей, ищу раскладку заново
09-16 19:02:22.464 (+35.3) сводка: привязка есть, тач инъекция есть, боксов 0, игроков рядом 0, чтений 4196, отказов 19960, переоткрытий 0, errno 5
09-16 19:02:22.464 (+35.3) аим: не активен, коэффициент 0.0000/0.0000 (запасной), чувствительность 0.00, остаток 0.00/0.00 град, шагов 0, смен знака 0
09-16 19:02:23.859 (+36.7) мир: 4 с без кадра (сторож) — сброс кэшей, ищу раскладку заново
09-16 19:02:27.466 (+40.3) сводка: привязка есть, тач инъекция есть, боксов 0, игроков рядом 0, чтений 4793, отказов 22930, переоткрытий 0, errno 5
09-16 19:02:27.466 (+40.3) аим: не активен, коэффициент 0.0000/0.0000 (запасной), чувствительность 0.00, остаток 0.00/0.00 град, шагов 0, смен знака 0
09-16 19:02:27.919 (+40.7) мир: 4 с без кадра (сторож) — сброс кэшей, ищу раскладку заново
09-16 19:02:31.975 (+44.8) мир: 4 с без кадра (сторож) — сброс кэшей, ищу раскладку заново
09-16 19:02:32.484 (+45.3) сводка: привязка есть, тач инъекция есть, боксов 0, игроков рядом 0, чтений 5393, отказов 25910, переоткрытий 0, errno 5
09-16 19:02:32.484 (+45.3) аим: не активен, коэффициент 0.0000/0.0000 (запасной), чувствительность 0.00, остаток 0.00/0.00 град, шагов 0, смен знака 0
09-16 19:02:36.035 (+48.8) мир: 4 с без кадра (сторож) — сброс кэшей, ищу раскладку заново
09-16 19:02:37.485 (+50.3) сводка: привязка есть, тач инъекция есть, боксов 0, игроков рядом 0, чтений 5990, отказов 28880, переоткрытий 0, errno 5
09-16 19:02:37.485 (+50.3) аим: не активен, коэффициент 0.0000/0.0000 (запасной), чувствительность 0.00, остаток 0.00/0.00 град, шагов 0, смен знака 0
09-16 19:02:40.097 (+52.9) мир: 4 с без кадра (сторож) — сброс кэшей, ищу раскладку заново
09-16 19:02:42.496 (+55.3) сводка: привязка есть, тач инъекция есть, боксов 0, игроков рядом 0, чтений 6589, отказов 31860, переоткрытий 0, errno 5
09-16 19:02:42.497 (+55.3) аим: не активен, коэффициент 0.0000/0.0000 (запасной), чувствительность 0.00, остаток 0.00/0.00 град, шагов 0, смен знака 0
09-16 19:02:44.144 (+56.9) мир: 4 с без кадра (сторож) — сброс кэшей, ищу раскладку заново
09-16 19:02:47.499 (+60.3) сводка: привязка есть, тач инъекция есть, боксов 0, игроков рядом 0, чтений 7187, отказов 34830, переоткрытий 0, errno 5
09-16 19:02:47.499 (+60.3) аим: не активен, коэффициент 0.0000/0.0000 (запасной), чувствительность 0.00, остаток 0.00/0.00 град, шагов 0, смен знака 0
09-16 19:02:48.206 (+61.0) мир: 4 с без кадра (сторож) — сброс кэшей, ищу раскладку заново
09-16 19:02:52.268 (+65.1) мир: 4 с без кадра (сторож) — сброс кэшей, ищу раскладку заново
09-16 19:02:52.504 (+65.3) сводка: привязка есть, тач инъекция есть, боксов 0, игроков рядом 0, чтений 7784, отказов 37800, переоткрытий 0, errno 5
09-16 19:02:52.504 (+65.3) аим: не активен, коэффициент 0.0000/0.0000 (запасной), чувствительность 0.00, остаток 0.00/0.00 град, шагов 0, смен знака 0
09-16 19:02:56.323 (+69.1) мир: 4 с без кадра (сторож) — сброс кэшей, ищу раскладку заново
09-16 19:02:57.520 (+70.3) сводка: привязка есть, тач инъекция есть, боксов 0, игроков рядом 0, чтений 8383, отказов 40780, переоткрытий 0, errno 5
09-16 19:02:57.520 (+70.3) аим: не активен, коэффициент 0.0000/0.0000 (запасной), чувствительность 0.00, остаток 0.00/0.00 град, шагов 0, смен знака 0
09-16 19:03:00.376 (+73.2) мир: 4 с без кадра (сторож) — сброс кэшей, ищу раскладку заново
09-16 19:03:02.531 (+75.3) сводка: привязка есть, тач инъекция есть, боксов 0, игроков рядом 0, чтений 8983, отказов 43760, переоткрытий 0, errno 5
09-16 19:03:02.531 (+75.3) аим: не активен, коэффициент 0.0000/0.0000 (запасной), чувствительность 0.00, остаток 0.00/0.00 град, шагов 0, смен знака 0
09-16 19:03:04.432 (+77.2) мир: 4 с без кадра (сторож) — сброс кэшей, ищу раскладку заново
09-16 19:03:07.541 (+80.3) сводка: привязка есть, тач инъекция есть, боксов 0, игроков рядом 0, чтений 9582, отказов 46740, переоткрытий 0, errno 5
09-16 19:03:07.541 (+80.3) аим: не активен, коэффициент 0.0000/0.0000 (запасной), чувствительность 0.00, остаток 0.00/0.00 град, шагов 0, смен знака 0
09-16 19:03:08.485 (+81.3) мир: 4 с без кадра (сторож) — сброс кэшей, ищу раскладку заново
09-16 19:03:12.536 (+85.3) мир: 4 с без кадра (сторож) — сброс кэшей, ищу раскладку заново
09-16 19:03:12.553 (+85.4) сводка: привязка есть, тач инъекция есть, боксов 0, игроков рядом 0, чтений 10181, отказов 49720, переоткрытий 0, errno 5
09-16 19:03:12.553 (+85.4) аим: не активен, коэффициент 0.0000/0.0000 (запасной), чувствительность 0.00, остаток 0.00/0.00 град, шагов 0, смен знака 0
09-16 19:03:16.592 (+89.4) мир: 4 с без кадра (сторож) — сброс кэшей, ищу раскладку заново
09-16 19:03:17.567 (+90.4) сводка: привязка есть, тач инъекция есть, боксов 0, игроков рядом 0, чтений 10781, отказов 52700, переоткрытий 0, errno 5
09-16 19:03:17.567 (+90.4) аим: не активен, коэффициент 0.0000/0.0000 (запасной), чувствительность 0.00, остаток 0.00/0.00 град, шагов 0, смен знака 0
09-16 19:03:20.640 (+93.4) мир: 4 с без кадра (сторож) — сброс кэшей, ищу раскладку заново
09-16 19:03:22.571 (+95.4) сводка: привязка есть, тач инъекция есть, боксов 0, игроков рядом 0, чтений 11380, отказов 55680, переоткрытий 0, errno 5
09-16 19:03:22.572 (+95.4) аим: не активен, коэффициент 0.0000/0.0000 (запасной), чувствительность 0.00, остаток 0.00/0.00 град, шагов 0, смен знака 0
09-16 19:03:24.691 (+97.5) мир: 4 с без кадра (сторож) — сброс кэшей, ищу раскладку заново
09-16 19:03:27.583 (+100.4) сводка: привязка есть, тач инъекция есть, боксов 0, игроков рядом 0, чтений 11979, отказов 58660, переоткрытий 0, errno 5
09-16 19:03:27.583 (+100.4) аим: не активен, коэффициент 0.0000/0.0000 (запасной), чувствительность 0.00, остаток 0.00/0.00 град, шагов 0, смен знака 0
09-16 19:03:28.743 (+101.5) мир: 4 с без кадра (сторож) — сброс кэшей, ищу раскладку заново
09-16 19:03:32.590 (+105.4) сводка: привязка есть, тач инъекция есть, боксов 0, игроков рядом 0, чтений 12579, отказов 61640, переоткрытий 0, errno 5
09-16 19:03:32.590 (+105.4) аим: не активен, коэффициент 0.0000/0.0000 (запасной), чувствительность 0.00, остаток 0.00/0.00 град, шагов 0, смен знака 0
09-16 19:03:32.791 (+105.6) мир: 4 с без кадра (сторож) — сброс кэшей, ищу раскладку заново
09-16 19:03:36.843 (+109.6) мир: 4 с без кадра (сторож) — сброс кэшей, ищу раскладку заново
09-16 19:03:37.602 (+110.4) сводка: привязка есть, тач инъекция есть, боксов 0, игроков рядом 0, чтений 13178, отказов 64620, переоткрытий 0, errno 5
09-16 19:03:37.602 (+110.4) аим: не активен, коэффициент 0.0000/0.0000 (запасной), чувствительность 0.00, остаток 0.00/0.00 град, шагов 0, смен знака 0
09-16 19:03:40.908 (+113.7) мир: 4 с без кадра (сторож) — сброс кэшей, ищу раскладку заново
09-16 19:03:42.612 (+115.4) сводка: привязка есть, тач инъекция есть, боксов 0, игроков рядом 0, чтений 13775, отказов 67590, переоткрытий 0, errno 5
09-16 19:03:42.612 (+115.4) аим: не активен, коэффициент 0.0000/0.0000 (запасной), чувствительность 0.00, остаток 0.00/0.00 град, шагов 0, смен знака 0
09-16 19:03:44.971 (+117.8) мир: 4 с без кадра (сторож) — сброс кэшей, ищу раскладку заново
09-16 19:03:47.617 (+120.4) сводка: привязка есть, тач инъекция есть, боксов 0, игроков рядом 0, чтений 14373, отказов 70560, переоткрытий 0, errno 5
09-16 19:03:47.617 (+120.4) аим: не активен, коэффициент 0.0000/0.0000 (запасной), чувствительность 0.00, остаток 0.00/0.00 град, шагов 0, смен знака 0
09-16 19:03:49.036 (+121.8) мир: 4 с без кадра (сторож) — сброс кэшей, ищу раскладку заново
09-16 19:03:52.628 (+125.4) сводка: привязка есть, тач инъекция есть, боксов 0, игроков рядом 0, чтений 14970, отказов 73530, переоткрытий 0, errno 5
09-16 19:03:52.629 (+125.4) аим: не активен, коэффициент 0.0000/0.0000 (запасной), чувствительность 0.00, остаток 0.00/0.00 град, шагов 0, смен знака 0
09-16 19:03:53.100 (+125.9) мир: 4 с без кадра (сторож) — сброс кэшей, ищу раскладку заново
09-16 19:03:57.162 (+130.0) мир: 4 с без кадра (сторож) — сброс кэшей, ищу раскладку заново
09-16 19:03:57.635 (+130.4) сводка: привязка есть, тач инъекция есть, боксов 0, игроков рядом 0, чтений 15567, отказов 76500, переоткрытий 0, errno 5
09-16 19:03:57.635 (+130.4) аим: не активен, коэффициент 0.0000/0.0000 (запасной), чувствительность 0.00, остаток 0.00/0.00 град, шагов 0, смен знака 0
09-16 19:04:01.224 (+134.0) мир: 4 с без кадра (сторож) — сброс кэшей, ищу раскладку заново
09-16 19:04:02.635 (+135.4) сводка: привязка есть, тач инъекция есть, боксов 0, игроков рядом 0, чтений 16165, отказов 79470, переоткрытий 0, errno 5
09-16 19:04:02.635 (+135.4) аим: не активен, коэффициент 0.0000/0.0000 (запасной), чувствительность 0.00, остаток 0.00/0.00 град, шагов 0, смен знака 0
09-16 19:04:05.275 (+138.1) мир: 4 с без кадра (сторож) — сброс кэшей, ищу раскладку заново
09-16 19:04:07.642 (+140.4) сводка: привязка есть, тач инъекция есть, боксов 0, игроков рядом 0, чтений 16764, отказов 82450, переоткрытий 0, errno 5
09-16 19:04:07.642 (+140.4) аим: не активен, коэффициент 0.0000/0.0000 (запасной), чувствительность 0.00, остаток 0.00/0.00 град, шагов 0, смен знака 0
09-16 19:04:09.320 (+142.1) мир: 4 с без кадра (сторож) — сброс кэшей, ищу раскладку заново
09-16 19:04:12.650 (+145.5) сводка: привязка есть, тач инъекция есть, боксов 0, игроков рядом 0, чтений 17363, отказов 85430, переоткрытий 0, errno 5
09-16 19:04:12.650 (+145.5) аим: не активен, коэффициент 0.0000/0.0000 (запасной), чувствительность 0.00, остаток 0.00/0.00 град, шагов 0, смен знака 0
09-16 19:04:13.374 (+146.2) мир: 4 с без кадра (сторож) — сброс кэшей, ищу раскладку заново
09-16 19:04:17.444 (+150.2) мир: 4 с без кадра (сторож) — сброс кэшей, ищу раскладку заново
09-16 19:04:17.663 (+150.5) сводка: привязка есть, тач инъекция есть, боксов 0, игроков рядом 0, чтений 17961, отказов 88400, переоткрытий 0, errno 5
09-16 19:04:17.663 (+150.5) аим: не активен, коэффициент 0.0000/0.0000 (запасной), чувствительность 0.00, остаток 0.00/0.00 град, шагов 0, смен знака 0
09-16 19:04:21.507 (+154.3) мир: 4 с без кадра (сторож) — сброс кэшей, ищу раскладку заново
09-16 19:04:22.669 (+155.5) сводка: привязка есть, тач инъекция есть, боксов 0, игроков рядом 0, чтений 18558, отказов 91370, переоткрытий 0, errno 5
09-16 19:04:22.669 (+155.5) аим: не активен, коэффициент 0.0000/0.0000 (запасной), чувствительность 0.00, остаток 0.00/0.00 град, шагов 0, смен знака 0
09-16 19:04:25.574 (+158.4) мир: 4 с без кадра (сторож) — сброс кэшей, ищу раскладку заново
09-16 19:04:27.681 (+160.5) сводка: привязка есть, тач инъекция есть, боксов 0, игроков рядом 0, чтений 19155, отказов 94340, переоткрытий 0, errno 5
09-16 19:04:27.682 (+160.5) аим: не активен, коэффициент 0.0000/0.0000 (запасной), чувствительность 0.00, остаток 0.00/0.00 град, шагов 0, смен знака 0
09-16 19:04:29.640 (+162.4) мир: 4 с без кадра (сторож) — сброс кэшей, ищу раскладку заново
09-16 19:04:32.693 (+165.5) сводка: привязка есть, тач инъекция есть, боксов 0, игроков рядом 0, чтений 19753, отказов 97310, переоткрытий 0, errno 5
09-16 19:04:32.693 (+165.5) аим: не активен, коэффициент 0.0000/0.0000 (запасной), чувствительность 0.00, остаток 0.00/0.00 град, шагов 0, смен знака 0
09-16 19:04:33.704 (+166.5) мир: 4 с без кадра (сторож) — сброс кэшей, ищу раскладку заново
09-16 19:04:37.704 (+170.5) сводка: привязка есть, тач инъекция есть, боксов 0, игроков рядом 0, чтений 20350, отказов 100280, переоткрытий 0, errno 5
09-16 19:04:37.704 (+170.5) аим: не активен, коэффициент 0.0000/0.0000 (запасной), чувствительность 0.00, остаток 0.00/0.00 град, шагов 0, смен знака 0
09-16 19:04:37.771 (+170.6) мир: 4 с без кадра (сторож) — сброс кэшей, ищу раскладку заново
09-16 19:04:41.834 (+174.6) мир: 4 с без кадра (сторож) — сброс кэшей, ищу раскладку заново
09-16 19:04:42.711 (+175.5) сводка: привязка есть, тач инъекция есть, боксов 0, игроков рядом 0, чтений 20947, отказов 103250, переоткрытий 0, errno 5
09-16 19:04:42.711 (+175.5) аим: не активен, коэффициент 0.0000/0.0000 (запасной), чувствительность 0.00, остаток 0.00/0.00 град, шагов 0, смен знака 0
09-16 19:04:45.896 (+178.7) мир: 4 с без кадра (сторож) — сброс кэшей, ищу раскладку заново
09-16 19:04:47.723 (+180.5) сводка: привязка есть, тач инъекция есть, боксов 0, игроков рядом 0, чтений 21545, отказов 106220, переоткрытий 0, errno 5
09-16 19:04:47.723 (+180.5) аим: не активен, коэффициент 0.0000/0.0000 (запасной), чувствительность 0.00, остаток 0.00/0.00 град, шагов 0, смен знака 0
09-16 19:04:49.969 (+182.8) мир: 4 с без кадра (сторож) — сброс кэшей, ищу раскладку заново
09-16 19:04:52.734 (+185.5) сводка: привязка есть, тач инъекция есть, боксов 0, игроков рядом 0, чтений 22142, отказов 109190, переоткрытий 0, errno 5
09-16 19:04:52.734 (+185.5) аим: не активен, коэффициент 0.0000/0.0000 (запасной), чувствительность 0.00, остаток 0.00/0.00 град, шагов 0, смен знака 0
09-16 19:04:54.032 (+186.8) мир: 4 с без кадра (сторож) — сброс кэшей, ищу раскладку заново
09-16 19:04:57.738 (+190.5) сводка: привязка есть, тач инъекция есть, боксов 0, игроков рядом 0, чтений 22739, отказов 112160, переоткрытий 0, errno 5
09-16 19:04:57.738 (+190.5) аим: не активен, коэффициент 0.0000/0.0000 (запасной), чувствительность 0.00, остаток 0.00/0.00 град, шагов 0, смен знака 0
09-16 19:04:58.090 (+190.9) мир: 4 с без кадра (сторож) — сброс кэшей, ищу раскладку заново
09-16 19:05:02.144 (+194.9) мир: 4 с без кадра (сторож) — сброс кэшей, ищу раскладку заново
09-16 19:05:02.748 (+195.5) сводка: привязка есть, тач инъекция есть, боксов 0, игроков рядом 0, чтений 23339, отказов 115140, переоткрытий 0, errno 5
09-16 19:05:02.748 (+195.5) аим: не активен, коэффициент 0.0000/0.0000 (запасной), чувствительность 0.00, остаток 0.00/0.00 град, шагов 0, смен знака 0
09-16 19:05:06.198 (+199.0) мир: 4 с без кадра (сторож) — сброс кэшей, ищу раскладку заново
09-16 19:05:07.750 (+200.6) сводка: привязка есть, тач инъекция есть, боксов 0, игроков рядом 0, чтений 23936, отказов 118110, переоткрытий 0, errno 5
09-16 19:05:07.750 (+200.6) аим: не активен, коэффициент 0.0000/0.0000 (запасной), чувствительность 0.00, остаток 0.00/0.00 град, шагов 0, смен знака 0
09-16 19:05:10.254 (+203.1) мир: 4 с без кадра (сторож) — сброс кэшей, ищу раскладку заново
09-16 19:05:12.755 (+205.6) сводка: привязка есть, тач инъекция есть, боксов 0, игроков рядом 0, чтений 24535, отказов 121090, переоткрытий 0, errno 5
09-16 19:05:12.755 (+205.6) аим: не активен, коэффициент 0.0000/0.0000 (запасной), чувствительность 0.00, остаток 0.00/0.00 град, шагов 0, смен знака 0
09-16 19:05:14.299 (+207.1) мир: 4 с без кадра (сторож) — сброс кэшей, ищу раскладку заново
09-16 19:05:17.757 (+210.6) сводка: привязка есть, тач инъекция есть, боксов 0, игроков рядом 0, чтений 25133, отказов 124060, переоткрытий 0, errno 5
09-16 19:05:17.757 (+210.6) аим: не активен, коэффициент 0.0000/0.0000 (запасной), чувствительность 0.00, остаток 0.00/0.00 град, шагов 0, смен знака 0
09-16 19:05:18.363 (+211.2) мир: 4 с без кадра (сторож) — сброс кэшей, ищу раскладку заново
09-16 19:05:22.412 (+215.2) мир: 4 с без кадра (сторож) — сброс кэшей, ищу раскладку заново
09-16 19:05:22.764 (+215.6) сводка: привязка есть, тач инъекция есть, боксов 0, игроков рядом 0, чтений 25732, отказов 127040, переоткрытий 0, errno 5
09-16 19:05:22.764 (+215.6) аим: не активен, коэффициент 0.0000/0.0000 (запасной), чувствительность 0.00, остаток 0.00/0.00 град, шагов 0, смен знака 0
09-16 19:44:38.294 (+0.0) запуск: экран 3392x2400, версия игры релиз
09-16 19:44:38.296 (+0.0) лог: /storage/emulated/0/Download/benzware.log (обрезается на 256 КБ, архив .1)
09-16 19:44:38.432 (+0.1) привязка: pid 17550, libil2cpp.so по адресу 0x759237c000, /proc/17550/mem открыт
09-16 19:44:38.453 (+0.2) сводка: привязка есть, тач инъекция есть, боксов 0, игроков рядом 0, чтений 1, отказов 0, переоткрытий 0, адресов с меткой 0, errno 0
09-16 19:44:38.453 (+0.2) аим: не активен, коэффициент 0.0000/0.0000 (запасной), чувствительность 0.00, остаток 0.00/0.00 град, шагов 0, смен знака 0
09-16 19:44:38.458 (+0.2) отказы чтения: 0x2002a500 0x2002a525 0x2002a500 0x2002a52d 0x20026580 0x200265f3 0x200265fb
09-16 19:44:42.471 (+4.2) мир: 4 с без кадра (сторож) — сброс кэшей, ищу раскладку заново
09-16 19:44:43.467 (+5.2) сводка: привязка есть, тач инъекция есть, боксов 0, игроков рядом 0, чтений 604, отказов 2205, переоткрытий 0, адресов с меткой 0, errno 5
09-16 19:44:43.467 (+5.2) аим: не активен, коэффициент 0.0000/0.0000 (запасной), чувствительность 0.00, остаток 0.00/0.00 град, шагов 0, смен знака 0
09-16 19:44:46.532 (+8.2) мир: 4 с без кадра (сторож) — сброс кэшей, ищу раскладку заново
09-16 19:44:48.468 (+10.2) сводка: привязка есть, тач инъекция есть, боксов 0, игроков рядом 0, чтений 1201, отказов 5175, переоткрытий 0, адресов с меткой 0, errno 5
09-16 19:44:48.468 (+10.2) отказы чтения: 0x2002a52d 0x20026580 0x200265f3 0x200265fb 0x20026580 0x200265f3 0x200265fb 0x2002a500
09-16 19:44:48.468 (+10.2) аим: не активен, коэффициент 0.0000/0.0000 (запасной), чувствительность 0.00, остаток 0.00/0.00 град, шагов 0, смен знака 0
09-16 19:44:50.589 (+12.3) мир: 4 с без кадра (сторож) — сброс кэшей, ищу раскладку заново
09-16 19:44:53.484 (+15.2) сводка: привязка есть, тач инъекция есть, боксов 0, игроков рядом 0, чтений 1801, отказов 8155, переоткрытий 0, адресов с меткой 0, errno 5
09-16 19:44:53.484 (+15.2) аим: не активен, коэффициент 0.0000/0.0000 (запасной), чувствительность 0.00, остаток 0.00/0.00 град, шагов 0, смен знака 0
09-16 19:44:54.644 (+16.3) мир: 4 с без кадра (сторож) — сброс кэшей, ищу раскладку заново
09-16 19:44:58.474 (+20.2) отказы чтения: 0x20026580 0x200265f3 0x200265fb 0x2002a500 0x2002a52d 0x20026580 0x200265f3 0x200265fb
09-16 19:44:58.491 (+20.2) сводка: привязка есть, тач инъекция есть, боксов 0, игроков рядом 0, чтений 2398, отказов 11125, переоткрытий 0, адресов с меткой 0, errno 5
09-16 19:44:58.491 (+20.2) аим: не активен, коэффициент 0.0000/0.0000 (запасной), чувствительность 0.00, остаток 0.00/0.00 град, шагов 0, смен знака 0
09-16 19:44:58.709 (+20.4) мир: 4 с без кадра (сторож) — сброс кэшей, ищу раскладку заново
09-16 19:45:02.776 (+24.5) мир: 4 с без кадра (сторож) — сброс кэшей, ищу раскладку заново
09-16 19:45:03.501 (+25.2) сводка: привязка есть, тач инъекция есть, боксов 0, игроков рядом 0, чтений 2995, отказов 14095, переоткрытий 0, адресов с меткой 0, errno 5
09-16 19:45:03.501 (+25.2) аим: не активен, коэффициент 0.0000/0.0000 (запасной), чувствительность 0.00, остаток 0.00/0.00 град, шагов 0, смен знака 0
09-16 19:45:06.832 (+28.5) мир: 4 с без кадра (сторож) — сброс кэшей, ищу раскладку заново
09-16 19:45:08.476 (+30.2) отказы чтения: 0x2002a52d 0x20026580 0x200265f3 0x200265fb 0x20026580 0x200265f3 0x200265fb 0x2002a500
09-16 19:45:08.510 (+30.2) сводка: привязка есть, тач инъекция есть, боксов 0, игроков рядом 0, чтений 3595, отказов 17075, переоткрытий 0, адресов с меткой 0, errno 5
09-16 19:45:08.510 (+30.2) аим: не активен, коэффициент 0.0000/0.0000 (запасной), чувствительность 0.00, остаток 0.00/0.00 град, шагов 0, смен знака 0
09-16 19:45:10.958 (+32.7) мир: 4 с без кадра (сторож) — сброс кэшей, ищу раскладку заново
09-16 19:45:13.516 (+35.2) сводка: привязка есть, тач инъекция есть, боксов 0, игроков рядом 0, чтений 4184, отказов 20005, переоткрытий 0, адресов с меткой 0, errno 5
09-16 19:45:13.516 (+35.2) аим: не активен, коэффициент 0.0000/0.0000 (запасной), чувствительность 0.00, остаток 0.00/0.00 град, шагов 0, смен знака 0
09-16 19:45:15.019 (+36.7) мир: 4 с без кадра (сторож) — сброс кэшей, ищу раскладку заново
09-16 19:45:57.943 (+0.0) запуск: экран 3392x2400, версия игры релиз
09-16 19:45:57.944 (+0.0) лог: /storage/emulated/0/Download/benzware.log (обрезается на 256 КБ, архив .1)
09-16 19:45:58.109 (+0.2) привязка: pid 17550, libil2cpp.so по адресу 0x759237c000, /proc/17550/mem открыт
09-16 19:45:58.137 (+0.2) сводка: привязка есть, тач инъекция есть, боксов 0, игроков рядом 0, чтений 1, отказов 0, переоткрытий 0, адресов с меткой 0, errno 0
09-16 19:45:58.137 (+0.2) аим: не активен, коэффициент 0.0000/0.0000 (запасной), чувствительность 0.00, остаток 0.00/0.00 град, шагов 0, смен знака 0
09-16 19:45:58.142 (+0.2) отказы чтения: 0x2002a500 0x2002a525 0x2002a500 0x2002a52d 0x20026580 0x200265f3 0x200265fb
09-16 19:46:02.157 (+4.2) мир: 4 с без кадра (сторож) — сброс кэшей, ищу раскладку заново
09-16 19:46:03.150 (+5.2) сводка: привязка есть, тач инъекция есть, боксов 0, игроков рядом 0, чтений 602, отказов 2093, переоткрытий 0, адресов с меткой 0, errno 5
09-16 19:46:03.150 (+5.2) аим: не активен, коэффициент 0.0000/0.0000 (запасной), чувствительность 0.00, остаток 0.00/0.00 град, шагов 0, смен знака 0
09-16 19:46:06.216 (+8.3) мир: 4 с без кадра (сторож) — сброс кэшей, ищу раскладку заново
09-16 19:46:08.153 (+10.2) сводка: привязка есть, тач инъекция есть, боксов 0, игроков рядом 0, чтений 1199, отказов 4172, переоткрытий 0, адресов с меткой 0, errno 5
09-16 19:46:08.153 (+10.2) отказы чтения: 0x2002a52d 0x20026580 0x200265f3 0x200265fb 0x200265fb 0x2002a500 0x2002a525 0x2002a500
09-16 19:46:08.153 (+10.2) аим: не активен, коэффициент 0.0000/0.0000 (запасной), чувствительность 0.00, остаток 0.00/0.00 град, шагов 0, смен знака 0
09-16 19:46:10.275 (+12.3) мир: 4 с без кадра (сторож) — сброс кэшей, ищу раскладку заново
09-16 19:46:13.157 (+15.2) сводка: привязка есть, тач инъекция есть, боксов 0, игроков рядом 0, чтений 1797, отказов 6251, переоткрытий 0, адресов с меткой 0, errno 5
09-16 19:46:13.157 (+15.2) аим: не активен, коэффициент 0.0000/0.0000 (запасной), чувствительность 0.00, остаток 0.00/0.00 град, шагов 0, смен знака 0
09-16 19:46:14.334 (+16.4) мир: 4 с без кадра (сторож) — сброс кэшей, ищу раскладку заново
09-16 19:46:18.158 (+20.2) сводка: привязка есть, тач инъекция есть, боксов 0, игроков рядом 0, чтений 2394, отказов 8330, переоткрытий 0, адресов с меткой 0, errno 5
09-16 19:46:18.158 (+20.2) отказы чтения: 0x200265f3 0x200265fb 0x200265fb 0x2002a500 0x2002a525 0x2002a500 0x2002a52d 0x20026580
09-16 19:46:18.158 (+20.2) аим: не активен, коэффициент 0.0000/0.0000 (запасной), чувствительность 0.00, остаток 0.00/0.00 град, шагов 0, смен знака 0
09-16 19:46:18.393 (+20.4) мир: 4 с без кадра (сторож) — сброс кэшей, ищу раскладку заново
09-16 19:46:22.452 (+24.5) мир: 4 с без кадра (сторож) — сброс кэшей, ищу раскладку заново
09-16 19:46:23.159 (+25.2) сводка: привязка есть, тач инъекция есть, боксов 0, игроков рядом 0, чтений 2991, отказов 10409, переоткрытий 0, адресов с меткой 0, errno 5
09-16 19:46:23.159 (+25.2) аим: не активен, коэффициент 0.0000/0.0000 (запасной), чувствительность 0.00, остаток 0.00/0.00 град, шагов 0, смен знака 0
09-16 19:46:26.515 (+28.6) мир: 4 с без кадра (сторож) — сброс кэшей, ищу раскладку заново
09-16 19:46:28.164 (+30.2) сводка: привязка есть, тач инъекция есть, боксов 0, игроков рядом 0, чтений 3589, отказов 12488, переоткрытий 0, адресов с меткой 0, errno 5
09-16 19:46:28.164 (+30.2) отказы чтения: 0x200265fb 0x2002a500 0x2002a525 0x2002a500 0x2002a52d 0x20026580 0x200265f3 0x200265fb
09-16 19:46:28.164 (+30.2) аим: не активен, коэффициент 0.0000/0.0000 (запасной), чувствительность 0.00, остаток 0.00/0.00 град, шагов 0, смен знака 0
09-16 19:46:30.574 (+32.6) мир: 4 с без кадра (сторож) — сброс кэшей, ищу раскладку заново
09-16 19:46:33.172 (+35.2) сводка: привязка есть, тач инъекция есть, боксов 0, игроков рядом 0, чтений 4186, отказов 14567, переоткрытий 0, адресов с меткой 0, errno 5
09-16 19:46:33.173 (+35.2) аим: не активен, коэффициент 0.0000/0.0000 (запасной), чувствительность 0.00, остаток 0.00/0.00 град, шагов 0, смен знака 0
09-16 19:46:34.640 (+36.7) мир: 4 с без кадра (сторож) — сброс кэшей, ищу раскладку заново
09-16 19:46:38.179 (+40.2) сводка: привязка есть, тач инъекция есть, боксов 0, игроков рядом 0, чтений 4783, отказов 16646, переоткрытий 0, адресов с меткой 0, errno 5
09-16 19:46:38.179 (+40.2) отказы чтения: 0x2002a525 0x2002a500 0x2002a52d 0x20026580 0x200265f3 0x200265fb 0x200265fb 0x2002a500
09-16 19:46:38.179 (+40.2) аим: не активен, коэффициент 0.0000/0.0000 (запасной), чувствительность 0.00, остаток 0.00/0.00 град, шагов 0, смен знака 0
09-16 19:46:38.700 (+40.8) мир: 4 с без кадра (сторож) — сброс кэшей, ищу раскладку заново
09-16 19:46:42.752 (+44.8) мир: 4 с без кадра (сторож) — сброс кэшей, ищу раскладку заново
09-16 19:46:43.188 (+45.2) сводка: привязка есть, тач инъекция есть, боксов 0, игроков рядом 0, чтений 5383, отказов 18732, переоткрытий 0, адресов с меткой 0, errno 5
09-16 19:46:43.188 (+45.2) аим: не активен, коэффициент 0.0000/0.0000 (запасной), чувствительность 0.00, остаток 0.00/0.00 град, шагов 0, смен знака 0
09-16 19:46:46.795 (+48.9) мир: 4 с без кадра (сторож) — сброс кэшей, ищу раскладку заново
09-16 19:46:48.186 (+50.2) отказы чтения: 0x200265f3 0x200265fb 0x200265fb 0x2002a500 0x2002a525 0x2002a500 0x2002a52d 0x20026580
09-16 19:46:48.203 (+50.3) сводка: привязка есть, тач инъекция есть, боксов 0, игроков рядом 0, чтений 5984, отказов 20825, переоткрытий 0, адресов с меткой 0, errno 5
09-16 19:46:48.203 (+50.3) аим: не активен, коэффициент 0.0000/0.0000 (запасной), чувствительность 0.00, остаток 0.00/0.00 град, шагов 0, смен знака 0
09-16 19:46:50.842 (+52.9) мир: 4 с без кадра (сторож) — сброс кэшей, ищу раскладку заново
09-16 19:46:53.216 (+55.3) сводка: привязка есть, тач инъекция есть, боксов 0, игроков рядом 0, чтений 6583, отказов 22911, переоткрытий 0, адресов с меткой 0, errno 5
09-16 19:46:53.216 (+55.3) аим: не активен, коэффициент 0.0000/0.0000 (запасной), чувствительность 0.00, остаток 0.00/0.00 град, шагов 0, смен знака 0
09-16 19:46:54.895 (+57.0) мир: 4 с без кадра (сторож) — сброс кэшей, ищу раскладку заново
09-16 19:46:58.188 (+60.2) отказы чтения: 0x2002a500 0x2002a525 0x2002a500 0x2002a52d 0x20026580 0x200265f3 0x200265fb 0x200265fb
09-16 19:46:58.222 (+60.3) сводка: привязка есть, тач инъекция есть, боксов 0, игроков рядом 0, чтений 7183, отказов 24997, переоткрытий 0, адресов с меткой 0, errno 5
09-16 19:46:58.222 (+60.3) аим: не активен, коэффициент 0.0000/0.0000 (запасной), чувствительность 0.00, остаток 0.00/0.00 град, шагов 0, смен знака 0
09-16 19:46:58.947 (+61.0) мир: 4 с без кадра (сторож) — сброс кэшей, ищу раскладку заново
09-16 19:47:02.994 (+65.1) мир: 4 с без кадра (сторож) — сброс кэшей, ищу раскладку заново
09-16 19:47:03.228 (+65.3) сводка: привязка есть, тач инъекция есть, боксов 0, игроков рядом 0, чтений 7782, отказов 27083, переоткрытий 0, адресов с меткой 0, errno 5
09-16 19:47:03.228 (+65.3) аим: не активен, коэффициент 0.0000/0.0000 (запасной), чувствительность 0.00, остаток 0.00/0.00 град, шагов 0, смен знака 0
09-16 19:47:07.043 (+69.1) мир: 4 с без кадра (сторож) — сброс кэшей, ищу раскладку заново
09-16 19:47:08.202 (+70.3) отказы чтения: 0x20026580 0x200265f3 0x200265fb 0x200265fb 0x2002a500 0x2002a525 0x2002a500 0x2002a52d
09-16 19:47:08.235 (+70.3) сводка: привязка есть, тач инъекция есть, боксов 0, игроков рядом 0, чтений 8381, отказов 29169, переоткрытий 0, адресов с меткой 0, errno 5
09-16 19:47:08.235 (+70.3) аим: не активен, коэффициент 0.0000/0.0000 (запасной), чувствительность 0.00, остаток 0.00/0.00 град, шагов 0, смен знака 0
09-16 19:47:11.094 (+73.2) мир: 4 с без кадра (сторож) — сброс кэшей, ищу раскладку заново
09-16 19:47:13.245 (+75.3) сводка: привязка есть, тач инъекция есть, боксов 0, игроков рядом 0, чтений 8981, отказов 31255, переоткрытий 0, адресов с меткой 0, errno 5
09-16 19:47:13.245 (+75.3) аим: не активен, коэффициент 0.0000/0.0000 (запасной), чувствительность 0.00, остаток 0.00/0.00 град, шагов 0, смен знака 0
09-16 19:47:15.144 (+77.2) мир: 4 с без кадра (сторож) — сброс кэшей, ищу раскладку заново
