09-16 21:33:43.153 (+0.0) запуск: экран 1080x2460, версия игры релиз
09-16 21:33:43.154 (+0.0) лог: /storage/emulated/0/Download/benzware.log (обрезается на 256 КБ, архив .1)
09-16 21:33:43.589 (+0.4) сводка: привязка есть, тач инъекция есть, боксов 0, игроков рядом 0, чтений 0, отказов 0, переоткрытий 0, адресов с меткой 0, errno 0
09-16 21:33:43.589 (+0.4) аим: не активен, коэффициент 0.0000/0.0000 (запасной), чувствительность 0.00, остаток 0.00/0.00 град, шагов 0, смен знака 0
09-16 21:33:43.604 (+0.5) привязка: процесс игры не найден (пакеты com.catsbit.oxidesurvivalisland / com.catsbit.oxidesurvivalisland.beta, отображён libil2cpp.so у процессов: нет)
09-16 21:33:48.366 (+5.2) привязка: pid 14862, libil2cpp.so по адресу 0x71e183f000, /proc/14862/mem открыт
09-16 21:33:48.603 (+5.4) сводка: привязка есть, тач инъекция есть, боксов 0, игроков рядом 0, чтений 61, отказов 0, переоткрытий 0, адресов с меткой 0, errno 0
09-16 21:33:48.603 (+5.4) аим: не активен, коэффициент 0.0000/0.0000 (запасной), чувствительность 0.00, остаток 0.00/0.00 град, шагов 0, смен знака 0
09-16 21:33:52.388 (+9.2) мир: 4 с без кадра (сторож) — сброс кэшей, ищу раскладку заново
09-16 21:33:53.607 (+10.5) сводка: привязка есть, тач инъекция есть, боксов 0, игроков рядом 0, чтений 1260, отказов 0, переоткрытий 0, адресов с меткой 0, errno 0
09-16 21:33:53.607 (+10.5) аим: не активен, коэффициент 0.0000/0.0000 (запасной), чувствительность 0.00, остаток 0.00/0.00 град, шагов 0, смен знака 0
09-16 21:33:56.414 (+13.3) мир: 4 с без кадра (сторож) — сброс кэшей, ищу раскладку заново
09-16 21:33:58.617 (+15.5) сводка: привязка есть, тач инъекция есть, боксов 0, игроков рядом 0, чтений 3727, отказов 0, переоткрытий 0, адресов с меткой 0, errno 0
09-16 21:33:58.617 (+15.5) аим: не активен, коэффициент 0.0000/0.0000 (запасной), чувствительность 0.00, остаток 0.00/0.00 град, шагов 0, смен знака 0
09-16 21:34:00.438 (+17.3) мир: 4 с без кадра (сторож) — сброс кэшей, ищу раскладку заново
09-16 21:34:03.629 (+20.5) сводка: привязка есть, тач инъекция есть, боксов 0, игроков рядом 0, чтений 6431, отказов 0, переоткрытий 0, адресов с меткой 0, errno 0
09-16 21:34:03.629 (+20.5) аим: не активен, коэффициент 0.0000/0.0000 (запасной), чувствительность 0.00, остаток 0.00/0.00 град, шагов 0, смен знака 0
09-16 21:34:04.464 (+21.3) мир: 4 с без кадра (сторож) — сброс кэшей, ищу раскладку заново
09-16 21:34:08.489 (+25.3) мир: 4 с без кадра (сторож) — сброс кэшей, ищу раскладку заново
09-16 21:34:08.639 (+25.5) сводка: привязка есть, тач инъекция есть, боксов 0, игроков рядом 0, чтений 9134, отказов 0, переоткрытий 0, адресов с меткой 0, errno 0
09-16 21:34:08.639 (+25.5) аим: не активен, коэффициент 0.0000/0.0000 (запасной), чувствительность 0.00, остаток 0.00/0.00 град, шагов 0, смен знака 0
09-16 21:34:12.519 (+29.4) мир: 4 с без кадра (сторож) — сброс кэшей, ищу раскладку заново
09-16 21:34:13.642 (+30.5) сводка: привязка есть, тач инъекция есть, боксов 0, игроков рядом 0, чтений 11828, отказов 0, переоткрытий 0, адресов с меткой 0, errno 0
09-16 21:34:13.642 (+30.5) аим: не активен, коэффициент 0.0000/0.0000 (запасной), чувствительность 0.00, остаток 0.00/0.00 град, шагов 0, смен знака 0
09-16 21:34:16.547 (+33.4) мир: 4 с без кадра (сторож) — сброс кэшей, ищу раскладку заново
09-16 21:34:18.653 (+35.5) сводка: привязка есть, тач инъекция есть, боксов 0, игроков рядом 0, чтений 14497, отказов 0, переоткрытий 0, адресов с меткой 0, errno 0
09-16 21:34:18.653 (+35.5) аим: не активен, коэффициент 0.0000/0.0000 (запасной), чувствительность 0.00, остаток 0.00/0.00 град, шагов 0, смен знака 0
09-16 21:34:20.575 (+37.4) мир: 4 с без кадра (сторож) — сброс кэшей, ищу раскладку заново
09-16 21:34:23.665 (+40.5) сводка: привязка есть, тач инъекция есть, боксов 0, игроков рядом 0, чтений 17195, отказов 0, переоткрытий 0, адресов с меткой 0, errno 0
09-16 21:34:23.665 (+40.5) аим: не активен, коэффициент 0.0000/0.0000 (запасной), чувствительность 0.00, остаток 0.00/0.00 град, шагов 0, смен знака 0
09-16 21:34:24.600 (+41.4) мир: 4 с без кадра (сторож) — сброс кэшей, ищу раскладку заново
09-16 21:34:28.634 (+45.5) мир: 4 с без кадра (сторож) — сброс кэшей, ищу раскладку заново
09-16 21:34:28.667 (+45.5) сводка: привязка есть, тач инъекция есть, боксов 0, игроков рядом 0, чтений 19797, отказов 0, переоткрытий 0, адресов с меткой 0, errno 0
09-16 21:34:28.667 (+45.5) аим: не активен, коэффициент 0.0000/0.0000 (запасной), чувствительность 0.00, остаток 0.00/0.00 град, шагов 0, смен знака 0
09-16 21:34:31.714 (+48.6) отказы чтения: 0x0 0x2a 0x0 0x32 0x0 0x1a 0x0 0x22
09-16 21:34:33.680 (+50.5) сводка: привязка есть, тач инъекция есть, боксов 0, игроков рядом 0, чтений 23884, отказов 944, переоткрытий 118, адресов с меткой 0, errno 5
09-16 21:34:33.680 (+50.5) аим: не активен, коэффициент 0.0000/0.0000 (запасной), чувствительность 0.00, остаток 0.00/0.00 град, шагов 0, смен знака 0
09-16 21:34:38.684 (+55.5) сводка: привязка есть, тач инъекция есть, боксов 2, игроков рядом 8, чтений 102276, отказов 5945, переоткрытий 472, адресов с меткой 0, errno 5
09-16 21:34:38.684 (+55.5) аим: не активен, коэффициент 0.0000/0.0000 (запасной), чувствительность 0.00, остаток 0.00/0.00 град, шагов 0, смен знака 0
09-16 21:34:41.724 (+58.6) отказы чтения: 0x22 0x0 0x2a 0x0 0x32 0x0 0x1a 0x0
09-16 21:34:43.694 (+60.5) сводка: привязка есть, тач инъекция есть, боксов 4, игроков рядом 8, чтений 196277, отказов 9545, переоткрытий 772, адресов с меткой 0, errno 5
09-16 21:34:43.694 (+60.5) аим: не активен, коэффициент 0.0000/0.0000 (запасной), чувствительность 0.00, остаток 0.00/0.00 град, шагов 0, смен знака 0
09-16 21:34:48.702 (+65.5) сводка: привязка есть, тач инъекция есть, боксов 0, игроков рядом 0, чтений 330244, отказов 13169, переоткрытий 1074, адресов с меткой 0, errno 5
09-16 21:34:48.702 (+65.5) аим: не активен, коэффициент 0.0000/0.0000 (запасной), чувствительность 0.00, остаток 0.00/0.00 град, шагов 0, смен знака 0
09-16 21:34:49.587 (+66.4) мир: население сменилось (1 -> 3) — перезагрузка, сброс кэшей
09-16 21:34:50.214 (+67.1) боксы: появились (1 шт.) после паузы 2.13 с
09-16 21:34:51.737 (+68.6) отказы чтения: 0x0 0x2a 0x0 0x32 0x0 0x1a 0x0 0x22
09-16 21:34:53.706 (+70.6) сводка: привязка есть, тач инъекция есть, боксов 2, игроков рядом 10, чтений 450732, отказов 23256, переоткрытий 2011, адресов с меткой 0, errno 5
09-16 21:34:53.706 (+70.6) аим: не активен, коэффициент 0.0000/0.0000 (запасной), чувствительность 0.00, остаток 0.00/0.00 град, шагов 0, смен знака 0
09-16 21:34:58.717 (+75.6) сводка: привязка есть, тач инъекция есть, боксов 3, игроков рядом 10, чтений 583014, отказов 26856, переоткрытий 2311, адресов с меткой 0, errno 5
09-16 21:34:58.717 (+75.6) аим: не активен, коэффициент 0.0000/0.0000 (запасной), чувствительность 0.00, остаток 0.00/0.00 град, шагов 0, смен знака 0
09-16 21:35:01.742 (+78.6) отказы чтения: 0x0 0x1a 0x0 0x22 0x0 0x2a 0x0 0x32
09-16 21:35:03.723 (+80.6) сводка: привязка есть, тач инъекция есть, боксов 2, игроков рядом 10, чтений 683834, отказов 30456, переоткрытий 2611, адресов с меткой 0, errno 5
09-16 21:35:03.723 (+80.6) аим: не активен, коэффициент 0.0000/0.0000 (запасной), чувствительность 0.00, остаток 0.00/0.00 град, шагов 0, смен знака 0
09-16 21:35:08.733 (+85.6) сводка: привязка есть, тач инъекция есть, боксов 8, игроков рядом 10, чтений 831813, отказов 34056, переоткрытий 2911, адресов с меткой 0, errno 5
09-16 21:35:08.733 (+85.6) аим: не активен, коэффициент 0.0000/0.0000 (запасной), чувствительность 0.00, остаток 0.00/0.00 град, шагов 0, смен знака 0
09-16 21:35:11.755 (+88.6) отказы чтения: 0x0 0x1a 0x0 0x22 0x0 0x2a 0x0 0x32
09-16 21:35:13.741 (+90.6) сводка: привязка есть, тач инъекция есть, боксов 2, игроков рядом 10, чтений 951923, отказов 37656, переоткрытий 3211, адресов с меткой 0, errno 5
09-16 21:35:13.741 (+90.6) аим: работает, коэффициент 0.0400/0.0400 (из настройки), чувствительность 2.00, остаток 0.03/-0.85 град, шагов 1, смен знака 0
09-16 21:35:18.751 (+95.6) сводка: привязка есть, тач инъекция есть, боксов 7, игроков рядом 10, чтений 1102332, отказов 41256, переоткрытий 3511, адресов с меткой 0, errno 5
09-16 21:35:18.751 (+95.6) аим: работает, коэффициент 0.0400/0.0400 (из настройки), чувствительность 2.00, остаток -6.59/4.00 град, шагов 1, смен знака 0
09-16 21:35:20.636 (+97.5) мир: население сменилось (1 -> 3) — перезагрузка, сброс кэшей
09-16 21:35:21.267 (+98.1) боксы: появились (10 шт.) после паузы 2.23 с
09-16 21:35:21.386 (+98.2) привязка: процесс 14862 больше не читается — отвязываюсь
09-16 21:35:21.770 (+98.6) отказы чтения: 0x0 0x2a 0x0 0x32 0x0 0x1a 0x0 0x22
09-16 21:35:23.006 (+99.9) привязка: pid 14862, libil2cpp.so по адресу 0x70b237c000, /proc/14862/mem открыт
09-16 21:35:23.757 (+100.6) сводка: привязка есть, тач инъекция есть, боксов 0, игроков рядом 0, чтений 1150750, отказов 51488, переоткрытий 4587, адресов с меткой 0, errno 0
09-16 21:35:23.757 (+100.6) аим: не активен, коэффициент 0.0000/0.0000 (запасной), чувствительность 0.00, остаток 0.00/0.00 град, шагов 0, смен знака 0
09-16 21:35:27.029 (+103.9) мир: 4 с без кадра (сторож) — сброс кэшей, ищу раскладку заново
09-16 21:35:28.766 (+105.6) сводка: привязка есть, тач инъекция есть, боксов 0, игроков рядом 0, чтений 1152853, отказов 51488, переоткрытий 4587, адресов с меткой 0, errno 0
09-16 21:35:28.766 (+105.6) аим: не активен, коэффициент 0.0000/0.0000 (запасной), чувствительность 0.00, остаток 0.00/0.00 град, шагов 0, смен знака 0
09-16 21:35:31.053 (+107.9) мир: 4 с без кадра (сторож) — сброс кэшей, ищу раскладку заново
09-16 21:35:31.771 (+108.6) отказы чтения: 0x0 0x2a 0x0 0x32 0x0 0x1a 0x0 0x22
09-16 21:35:33.775 (+110.6) сводка: привязка есть, тач инъекция есть, боксов 0, игроков рядом 0, чтений 1154957, отказов 51488, переоткрытий 4587, адресов с меткой 0, errno 0
09-16 21:35:33.775 (+110.6) аим: не активен, коэффициент 0.0000/0.0000 (запасной), чувствительность 0.00, остаток 0.00/0.00 град, шагов 0, смен знака 0
09-16 21:35:35.077 (+111.9) мир: 4 с без кадра (сторож) — сброс кэшей, ищу раскладку заново
09-16 21:35:38.784 (+115.6) сводка: привязка есть, тач инъекция есть, боксов 0, игроков рядом 0, чтений 1157060, отказов 51488, переоткрытий 4587, адресов с меткой 0, errno 0
09-16 21:35:38.784 (+115.6) аим: не активен, коэффициент 0.0000/0.0000 (запасной), чувствительность 0.00, остаток 0.00/0.00 град, шагов 0, смен знака 0
09-16 21:35:39.102 (+115.9) мир: 4 с без кадра (сторож) — сброс кэшей, ищу раскладку заново
09-16 21:35:41.773 (+118.6) отказы чтения: 0x0 0x2a 0x0 0x32 0x0 0x1a 0x0 0x22
09-16 21:35:43.126 (+120.0) мир: 4 с без кадра (сторож) — сброс кэшей, ищу раскладку заново
09-16 21:35:43.794 (+120.6) сводка: привязка есть, тач инъекция есть, боксов 0, игроков рядом 0, чтений 1159163, отказов 51488, переоткрытий 4587, адресов с меткой 0, errno 0
09-16 21:35:43.794 (+120.6) аим: не активен, коэффициент 0.0000/0.0000 (запасной), чувствительность 0.00, остаток 0.00/0.00 град, шагов 0, смен знака 0
09-16 21:35:47.150 (+124.0) мир: 4 с без кадра (сторож) — сброс кэшей, ищу раскладку заново
09-16 21:35:48.803 (+125.6) сводка: привязка есть, тач инъекция есть, боксов 0, игроков рядом 0, чтений 1161267, отказов 51488, переоткрытий 4587, адресов с меткой 0, errno 0
09-16 21:35:48.803 (+125.6) аим: не активен, коэффициент 0.0000/0.0000 (запасной), чувствительность 0.00, остаток 0.00/0.00 град, шагов 0, смен знака 0
09-16 21:35:51.174 (+128.0) мир: 4 с без кадра (сторож) — сброс кэшей, ищу раскладку заново
09-16 21:35:51.775 (+128.6) отказы чтения: 0x0 0x2a 0x0 0x32 0x0 0x1a 0x0 0x22
09-16 21:35:53.812 (+130.7) сводка: привязка есть, тач инъекция есть, боксов 0, игроков рядом 0, чтений 1163370, отказов 51488, переоткрытий 4587, адресов с меткой 0, errno 0
09-16 21:35:53.812 (+130.7) аим: не активен, коэффициент 0.0000/0.0000 (запасной), чувствительность 0.00, остаток 0.00/0.00 град, шагов 0, смен знака 0
09-16 21:35:55.198 (+132.0) мир: 4 с без кадра (сторож) — сброс кэшей, ищу раскладку заново
