# аимбот: одна строка на кадр, пока цель захвачена
# экран 2460x1080  fov 45.8  ед/пиксель 7.999
# sent -> cam против exp: сколько послали пальцем и на сколько
#   повернулась камера против ожидаемого по усвоенной чувствительности
# vel: измеренная скорость цели; lead: на сколько градусов её упреждаем
# errY/errP: что осталось до цели — это и есть хвост
# cam: 1 углы камеры читаются, 0 нет. cam_st: бит0 поза известна,
#   бит1 поза выведена из матрицы вида, бит2 используется линия огня
     t_s    fps  dt_ms     gain    gainP  sent_px  cam_deg  exp_deg     errY     errP  vel_dps lead_deg   step finger_x  dead  tgt  repl  cam  cam_st
    1.77  118.6    8.5  -0.0519  -0.0360     23.4    0.000   -1.214    0.003    2.335     13.8    0.581     23     1662     0    1    68    1       7
    1.78  118.8    8.3  -0.0519  -0.0360      0.0    0.000   -0.000    0.008    2.335     13.8    0.581     23     1662     0    1    68    1       7
    1.79  118.8    8.4  -0.0519  -0.0360      0.0    0.000   -0.000    0.008    2.335     13.8    0.581     -0     1820     0    1    68    1       7
    1.80  118.6    8.6  -0.0519  -0.0360     -0.1   -0.039    0.006    0.095    2.384     13.8    0.581     -0     1820     0    1    68    1       7
    1.81  118.6    8.4  -0.0519  -0.0360     -0.4    0.000    0.019    0.095    2.384      1.9    0.078     -1     1819     0    1    68    1       7
    1.82  118.7    8.4  -0.0519  -0.0360     -0.8    0.008    0.039    0.134    2.454      2.4    0.099     -1     1818     0    1    68    1       7
    1.82  118.4    8.6  -0.0519  -0.0360     -1.0    0.000    0.052    0.134    2.454      2.3    0.096     -1     1817     0    1    68    1       7
    1.83  118.4    8.4  -0.0552   0.0054     -1.0    0.063    0.052    0.110    2.537      2.4    0.102     -1     1816     0    1    68    1       7
    1.84  118.5    8.4  -0.0552   0.0054     -0.9    0.000    0.048    0.110    2.537      2.3    0.099     -1     1815     0    1    68    1       7
    1.85  118.8    8.3  -0.0552   0.0054     -0.9    0.097    0.048    0.046    2.608      2.4    0.101     -1     1815     0    1    68    1       7
    1.86  118.4    8.7  -0.0552   0.0054     -0.6    0.000    0.034    0.046    2.608      2.3    0.097     -1     1814     0    1    68    1       7
    1.87  118.3    8.5  -0.0552   0.0054     -0.6    0.077    0.034    0.025    2.612      2.4    0.102     -1     1814     0    1    69    1       7
    1.88  118.6    8.3  -0.0552   0.0054     -0.6    0.077    0.034    0.033    2.601      2.5    0.103     -1     1814     0    1    69    1       7
    1.88  118.7    8.3  -0.0552   0.0054      0.0    0.000   -0.000    0.033    2.601      2.4    0.101     -1     1814     0    1    69    1       7
    1.89  118.0    8.9  -0.0552   0.0054      0.0    0.084   -0.000   -0.037    2.561      2.3    0.098     -0     1820     0    1    69    1       7
    1.90  119.0    7.8  -0.0552   0.0054     -0.4    0.000    0.021   -0.037    2.561      2.3    0.095     -0     1820     0    1    69    1       7
    1.91  118.7    8.6  -0.0552   0.0054     -0.4    0.039    0.021   -0.060    2.531      1.8    0.076     -0     1820     0    1    69    1       7
    1.92  119.0    8.2  -0.0552   0.0054     -0.1    0.000    0.007   -0.060    2.531      1.2    0.052     -0     1820     0    1    70    1       7
    1.93  118.6    8.7  -0.0552   0.0054     -0.1    0.000    0.007   -0.113    2.561      0.7    0.028     -0     1820     0    1    70    1       7
    1.93  118.4    8.6  -0.0552   0.0054      0.0    0.000   -0.000   -0.110    2.561      0.0    0.002     -0     1820     0    1    70    1       7
    1.94  118.5    8.4  -0.0552   0.0054      0.0    0.076   -0.000   -0.165    2.662      0.2    0.008      1     1821     0    1    70    1       7
    1.95  118.8    8.3  -0.0552   0.0054      0.8    0.000   -0.041   -0.176    2.665      0.1    0.005      1     1822     0    1    70    1       7
    1.96  118.4    8.7  -0.0552   0.0054      0.6    0.000   -0.034   -0.176    2.665      0.0    0.000      1     1823     0    1    70    1       7
    1.97  118.4    8.4  -0.0552   0.0054      0.8    0.080   -0.041   -0.249    2.817      0.0    0.000      1     1823     0    1    71    1       7
    1.98  118.7    8.2  -0.0552   0.0054      0.8    0.080   -0.041   -0.249    2.817      0.0    0.000      1     1823     0    1    71    1       7
    1.99  118.6    8.5  -0.0552   0.0054      0.0    0.062   -0.000   -0.308    3.076      0.0    0.000      1     1823     0    1    71    1       7
    1.99  118.8    8.3  -0.0552   0.0054      0.0    0.000   -0.000   -0.301    3.076      0.0    0.000      1     1822     0    1    71    1       7
    2.00  118.5    8.7   0.0506   0.0054      1.3    0.063   -0.069   -0.349    3.169      0.0    0.000     -2     1820     0    1    71    1       7
    2.01  118.9    8.1   0.0506   0.0054     -1.8    0.000   -0.089   -0.360    3.169      0.0    0.000     -2     1818     0    1    71    1       7
    2.02  118.8    8.5   0.0506   0.0054     -1.6    0.008   -0.082   -0.365    3.216      0.0    0.000     -2     1818     0    1    72    1       7
    2.03  118.9    8.3   0.0506   0.0054     -1.6    0.008   -0.082   -0.365    3.216      0.0    0.000     -2     1818     0    1    72    1       7
    2.04  118.5    8.7   0.0506   0.0054      0.0   -0.004   -0.000   -0.357    3.223      0.0    0.000     -2     1818     0    1    72    1       7
    2.04  118.9    8.1  -0.0052   0.0054      0.0    0.000   -0.000   -0.357    3.223      0.0    0.000     15     1836     0    1    72    1       7
    2.05  118.5    8.7  -0.0052   0.0054     15.4   -0.001   -0.080   -0.352    3.165      0.0    0.000     16     1852     0    1    72    1       7
    2.06  119.0    8.1  -0.0052   0.0054     16.3    0.000   -0.085   -0.352    3.165      0.0    0.000     15     1867     0    1    72    1       7
    2.07  118.7    8.6  -0.0052   0.0054     15.3    0.023   -0.079   -0.368    3.129      0.0    0.000     15     1867     0    1    73    1       7
    2.08  118.8    8.4  -0.0052   0.0054     15.3    0.023   -0.079   -0.368    3.129      0.0    0.000     15     1867     0    1    73    1       7
    2.09  118.9    8.3  -0.0052   0.0054      0.0    0.022   -0.000   -0.383    3.124      0.0    0.000     15     1867     0    1    73    1       7
    2.09  118.9    8.4  -0.0052   0.0054      0.0    0.000   -0.000   -0.383    3.124      0.0    0.000     17     1837     0    1    73    1       7
    2.10  119.0    8.3  -0.0052   0.0054     17.0    0.004   -0.088   -0.382    3.125      0.0    0.000     17     1854     0    1    73    1       7
    2.11  118.7    8.6  -0.0052   0.0054     16.9    0.000   -0.088   -0.382    3.125      0.0    0.000     17     1872     0    1    73    1       7
    2.12  118.5    8.6  -0.0052   0.0054     17.4    0.000   -0.090   -0.378    3.142      0.0    0.000     17     1872     0    1    74    1       7
    2.13  118.7    8.2  -0.0052   0.0054     17.4    0.000   -0.090   -0.378    3.142      0.0    0.000     17     1872     0    1    74    1       7
    2.14  118.8    8.4  -0.0052   0.0054      0.0   -0.042   -0.000   -0.334    3.162      0.0    0.000     17     1872     0    1    74    1       7
    2.15  118.4    8.7  -0.0052   0.0054      0.0    0.000   -0.000   -0.334    3.162      0.0    0.000     15     1836     0    1    74    1       7
    2.15  118.7    8.2  -0.0052   0.0054     15.3   -0.050   -0.079   -0.271    3.166      0.0    0.000     12     1848     0    1    74    1       7
    2.16  118.8    8.4  -0.0052   0.0054     12.0    0.000   -0.062   -0.271    3.166      0.0    0.000     12     1848     0    1    75    1       7
    2.17  118.6    8.5  -0.0052   0.0054     12.0    0.000   -0.062   -0.249    3.133      0.0    0.002     12     1848     0    1    75    1       7
    2.18  118.5    8.5  -0.0052   0.0054      0.0    0.000   -0.000   -0.249    3.133      0.1    0.003     12     1848     0    1    75    1       7
    2.19  118.1    8.7  -0.0052   0.0054      0.0    0.008   -0.000   -0.244    3.031      0.0    0.000     12     1832     0    1    75    1       7
    2.20  118.4    8.3  -0.0052   0.0054     11.5    0.000   -0.060   -0.246    3.031      0.0    0.000     11     1843     0    1    75    1       7
    2.20  118.2    8.6  -0.0052   0.0054     10.6    0.012   -0.055   -0.258    2.872      0.2    0.008     11     1854     0    1    75    1       7
    2.21  118.7    8.1  -0.0052   0.0054     11.4    0.000   -0.059   -0.258    2.872      0.2    0.007     11     1854     0    1    76    1       7
    2.22  118.7    8.4  -0.0052   0.0054     11.4    0.000   -0.059   -0.258    2.872      0.2    0.007     11     1854     0    1    76    1       7
    2.23  118.7    8.4  -0.0052   0.0054      0.0    0.010   -0.000   -0.268    2.684      0.1    0.005     11     1854     0    1    76    1       7
    2.24  118.7    8.4  -0.0052   0.0054      0.0    0.000   -0.000   -0.268    2.684      0.1    0.004     11     1832     0    1    76    1       7
    2.25  118.5    8.5  -0.0052   0.0054     11.4   -0.022   -0.059   -0.249    2.544      0.0    0.000     11     1843     0    1    76    1       7
    2.26  118.3    8.6  -0.0052   0.0054     11.1    0.000   -0.058   -0.246    2.544      0.0    0.000     11     1854     0    1    76    1       7
    2.26  118.7    8.2  -0.0052   0.0054     11.3    0.000   -0.059   -0.246    2.544      0.0    0.000     11     1854     0    1    77    1       7
    2.27  118.7    8.4  -0.0052   0.0054     11.3    0.000   -0.059   -0.180    2.270      0.0    0.000     11     1854     0    1    77    1       7
    2.28  118.5    8.5  -0.0052   0.0054      0.0    0.000   -0.000   -0.179    2.272      0.0    0.000     11     1854     0    1    77    1       7
    2.29  118.6    8.4  -0.0052   0.0054      0.0    0.000   -0.000   -0.179    2.272      0.0    0.000      8     1828     0    1    77    1       7
    2.30  118.5    8.5  -0.0104   0.0054      8.0   -0.083   -0.042   -0.095    2.080      0.0    0.000      2     1831     0    1    77    1       7
    2.31  118.5    8.5  -0.0104   0.0054      2.1    0.000   -0.022   -0.096    2.082      0.0    0.000      2     1833     0    1    77    1       7
    2.31  118.7    8.3  -0.0104   0.0054      2.1    0.000   -0.022   -0.096    2.082      0.0    0.000      2     1835     0    1    77    1       7
    2.32  118.5    8.6  -0.0104   0.0054      2.1    0.000   -0.022   -0.060    1.630      0.0    0.000      2     1835     0    1    78    1       7
    2.33  118.8    8.3  -0.0104   0.0054      2.1    0.000   -0.022   -0.060    1.630      0.0    0.000      2     1835     0    1    78    1       7
    2.34  118.4    8.7  -0.0104   0.0054      0.0    0.000   -0.000   -0.043    1.482      0.1    0.003      2     1835     0    1    78    1       7
    2.35  118.5    8.3  -0.0104   0.0053      0.0    0.000   -0.000   -0.041    1.474      0.3    0.014      1     1821     0    1    78    1       7
    2.36  118.6    8.4  -0.0104   0.0053      0.6    0.000   -0.007   -0.041    1.474      0.5    0.020      0     1821     0    1    78    1       7
    2.36  118.9    8.2  -0.0104   0.0053      0.4   -0.033   -0.004    0.006    1.427      0.7    0.029     -1     1821     0    1    78    1       7
    2.37  118.8    8.5  -0.0104   0.0053     -0.8    0.000    0.008    0.006    1.427      0.6    0.027     -1     1820     0    1    78    1       7
    2.38  118.6    8.6  -0.0104   0.0053     -0.9    0.000    0.009    0.006    1.427      0.3    0.013     -1     1819     0    1    78    1       7
    2.39  118.5    8.4  -0.0104   0.0053     -0.6    0.000    0.007    0.006    1.427      0.0    0.000     -0     1819     0    1    78    1       7
    2.40  117.8    9.0  -0.0104   0.0053     -0.2   -0.059    0.003    0.116    1.433      0.9    0.037     -0     1819     0    1    79    1       7
    2.41  118.5    8.0  -0.0104   0.0053     -0.2   -0.059    0.003    0.116    1.433      1.0    0.040     -0     1819     0    1    79    1       7
    2.42  118.3    8.5  -0.0104   0.0053      0.0    0.000   -0.000    0.116    1.433      1.0    0.042     -0     1819     0    1    79    1       7
    2.42  118.6    8.3  -0.0104   0.0053      0.0    0.000   -0.000    0.183    1.455      1.2    0.050     -4     1816     0    1    79    1       7
    2.43  118.6    8.4  -0.0104   0.0053     -4.1    0.000    0.043    0.183    1.455      2.0    0.083     -6     1811     0    1    79    1       7
    2.44  118.7    8.4  -0.0104   0.0053     -5.6    0.000    0.059    0.233    1.425      2.5    0.105     -7     1804     0    1    79    1       7
    2.45  118.6    8.5  -0.0104   0.0053     -7.0    0.000    0.073    0.237    1.425      2.8    0.116     -8     1796     0    1    79    1       7
    2.46  118.8    8.3  -0.0104   0.0053     -8.0    0.000    0.083    0.263    1.392      2.9    0.122     -9     1787     0    1    79    1       7
    2.47  118.7    8.5  -0.0104   0.0053     -8.5    0.000    0.088    0.263    1.392      2.7    0.114     -9     1778     0    1    79    1       7
    2.47  118.8    8.3  -0.0104   0.0053     -8.8    0.000    0.091    0.259    1.358      2.7    0.113     -9     1778     0    1    80    1       7
    2.48  118.7    8.5  -0.0104   0.0053     -8.8    0.000    0.091    0.259    1.358      2.1    0.088     -9     1778     0    1    80    1       7
    2.49  118.5    8.6  -0.0104   0.0053      0.0    0.000   -0.000    0.225    1.271      2.0    0.084     -9     1778     0    1    80    1       7
    2.50  118.7    8.3  -0.0104   0.0053      0.0    0.000   -0.000    0.225    1.271      2.0    0.082     -6     1815     0    1    80    1       7
    2.51  118.3    8.7  -0.0104   0.0053     -5.9   -0.017    0.061    0.203    1.195      2.0    0.083     -5     1810     0    1    80    1       7
    2.52  118.7    8.2  -0.0104   0.0053     -4.8    0.000    0.049    0.203    1.195      2.1    0.090     -4     1806     0    1    80    1       7
    2.53  118.1    8.9   0.0093   0.0053     -3.6   -0.034    0.038    0.195    1.163      2.5    0.104      4     1810     0    1    80    1       7
    2.53  118.6    8.1   0.0093   0.0053      3.6    0.000    0.034    0.195    1.163      2.6    0.109      3     1812     0    1    80    1       7
    2.54  118.6    8.5   0.0093   0.0053      2.6   -0.006    0.025    0.148    1.140      2.9    0.120      2     1814     0    1    80    1       7
    2.55  118.9    8.2   0.0093   0.0053      1.6    0.000    0.015    0.148    1.140      2.9    0.124      1     1815     0    1    80    1       7
    2.56  118.3    8.8   0.0093   0.0053      1.0    0.000    0.009    0.088    1.115      3.1    0.132     -0     1815     0    1    80    1       7
    2.57  119.0    8.0   0.0093   0.0053     -0.1    0.000   -0.001    0.088    1.115      3.3    0.138     -0     1815     0    1    81    1       7
    2.58  118.4    8.8   0.0093   0.0053     -0.1    0.000   -0.001    0.022    1.092      3.5    0.148     -0     1815     0    1    81    1       7
    2.58  118.8    8.2   0.0093   0.0053      0.0    0.000    0.000    0.022    1.092      3.7    0.154     -0     1815     0    1    81    1       7
    2.59  118.1    8.9   0.0093   0.0053      0.0    0.000    0.000   -0.044    1.070      3.9    0.163     -5     1816     0    1    81    1       7
    2.60  118.9    7.9   0.0093   0.0053     -4.6    0.000   -0.043   -0.044    1.070      4.0    0.166     -5     1811     0    1    81    1       7
    2.61  118.9    8.5   0.0093   0.0053     -4.9    0.000   -0.046   -0.044    1.070      3.5    0.148     -5     1806     0    1    81    1       7
    2.62  118.7    8.5   0.0093   0.0053     -5.3    0.000   -0.049   -0.111    1.046      3.7    0.155     -6     1799     0    1    81    1       7
    2.63  118.9    8.3   0.0093   0.0053     -6.3    0.000   -0.058   -0.111    1.046      3.3    0.140     -6     1793     0    1    81    1       7
    2.63  118.8    8.5   0.0093   0.0053     -6.3    0.000   -0.058   -0.164    1.000      3.5    0.148     -7     1786     0    1    81    1       7
    2.64  118.6    8.5   0.0093   0.0053     -7.4    0.000   -0.069   -0.164    0.959      3.2    0.133     -8     1778     0    1    81    1       7
    2.65  118.8    8.3   0.0093   0.0053     -7.5    0.000   -0.070   -0.186    0.946      3.2    0.133     -8     1770     0    1    81    1       7
    2.66  118.2    8.8   0.0093   0.0053     -7.9    0.019   -0.074   -0.218    0.917      2.8    0.118     -9     1762     0    1    81    1       7
    2.67  118.9    8.0   0.0093   0.0053     -8.8    0.000   -0.082   -0.236    0.902      2.9    0.121     -9     1762     0    1    82    1       7
    2.68  119.0    8.3   0.0093   0.0053     -8.8    0.000   -0.082   -0.316    0.861      3.0    0.126     -9     1762     0    1    82    1       7
    2.69  118.6    8.7   0.0093   0.0053      0.0    0.000    0.000   -0.312    0.860      2.6    0.109     -9     1762     0    1    82    1       7
    2.69  118.9    8.2   0.0093   0.0053      0.0    0.000    0.000   -0.312    0.860      2.5    0.103    -10     1810     0    1    82    1       7
    2.70  118.6    8.6   0.0093   0.0053    -10.3    0.030   -0.096   -0.402    0.856      2.4    0.102    -12     1798     0    1    82    1       7
    2.71  118.9    8.3   0.0093   0.0053    -12.1    0.000   -0.113   -0.402    0.856      2.5    0.106    -13     1786     0    1    82    1       7
    2.72  118.1    9.0   0.0093   0.0053    -12.5    0.005   -0.117   -0.520    0.855      3.2    0.134    -16     1770     0    1    82    1       7
    2.73  118.7    8.1   0.0093   0.0053    -15.8    0.000   -0.147   -0.520    0.855      3.5    0.149    -16     1754     0    1    82    1       7
    2.74  119.0    8.2   0.0093   0.0053    -15.6    0.000   -0.146   -0.563    0.852      3.9    0.163    -17     1737     0    1    82    1       7
    2.74  118.7    8.6   0.0093   0.0053    -17.3    0.000   -0.161   -0.563    0.852      3.9    0.162    -19     1718     0    1    82    1       7
    2.75  118.5    8.6   0.0093   0.0053    -18.6    0.000   -0.174   -0.768    0.874      5.4    0.229    -23     1696     0    1    82    1       7
    2.76  118.5    8.5   0.0093   0.0053    -22.8    0.000   -0.212   -0.768    0.874      6.2    0.259    -25     1670     0    1    82    1       7
    2.77  118.4    8.5   0.0093   0.0053    -25.1    0.000   -0.235   -0.873    0.932      6.9    0.290    -28     1642     0    1    82    1       7
    2.78  118.8    8.2   0.0093   0.0053    -28.1    0.000   -0.263   -0.873    0.932      7.2    0.302    -28     1642     0    1    83    1       7
    2.79  118.4    8.7   0.0093   0.0053    -28.1    0.000   -0.263   -0.935    0.991      7.0    0.292    -28     1642     0    1    83    1       7
    2.80  117.9    8.8   0.0093   0.0053      0.0    0.000    0.000   -0.935    0.991      6.7    0.283    -28     1642     0    1    83    1       7
    2.80  119.0    7.8   0.0093   0.0053      0.0    0.023    0.000   -1.103    1.005      6.9    0.291    -32     1789     0    1    83    1       7
    2.81  118.9    8.5   0.0093   0.0053    -31.8    0.000   -0.297   -1.103    1.005      6.5    0.272    -35     1754     0    1    83    1       7
    2.82  118.8    8.5   0.0093   0.0053    -34.8    0.004   -0.325   -1.201    1.001      5.7    0.241    -35     1719     0    1    83    1       7
    2.83  118.7    8.5   0.0093   0.0053    -35.3    0.000   -0.329   -1.271    1.001      6.4    0.270    -38     1681     0    1    83    1       7
    2.84  118.6    8.5   0.0093   0.0053    -37.9    0.000   -0.354   -1.305    0.993      6.4    0.271    -39     1642     0    1    83    1       7
    2.85  118.7    8.4   0.0093   0.0053    -39.1    0.000   -0.365   -1.305    0.993      6.5    0.274    -40     1601     0    1    83    1       7
    2.85  118.8    8.3   0.0093   0.0053    -40.3    0.000   -0.376   -1.407    0.980      6.7    0.281    -42     1560     0    1    83    1       7
    2.86  118.7    8.4   0.0093   0.0053    -41.5    0.000   -0.388   -1.407    0.997      6.3    0.265    -43     1517     0    1    83    1       7
    2.87  118.8    8.4   0.0093   0.0053    -42.5    0.000   -0.397   -1.519    0.983      6.4    0.269    -44     1474     0    1    83    1       7
    2.88  118.4    8.7   0.0093   0.0053    -43.8   -0.041   -0.409   -1.479    1.004      5.9    0.249    -44     1474     0    1    84    1       7
    2.89  118.6    8.3   0.0093   0.0053    -43.8   -0.041   -0.409   -1.597    0.984      6.0    0.253    -44     1474     0    1    84    1       7
    2.90  118.6    8.4   0.0093   0.0053      0.0    0.000    0.000   -1.597    0.984      6.0    0.252    -44     1474     0    1    84    1       7
    2.90  118.8    8.3   0.0093   0.0053      0.0   -0.101    0.000   -1.621    0.960      6.5    0.272    -45     1775     0    1    84    1       7
    2.91  118.3    8.8   0.0093   0.0053    -45.4    0.000   -0.424   -1.621    0.960      6.5    0.272    -49     1726     0    1    84    1       7
    2.92  118.3    8.4   0.0093   0.0053    -49.3   -0.116   -0.460   -1.638    0.880      6.7    0.280    -47     1679     0    1    84    1       7
    2.93  118.8    8.1   0.0093   0.0053    -46.5    0.000   -0.434   -1.638    0.880      6.5    0.274    -46     1634     0    1    84    1       7
    2.94  118.4    8.7   0.0093   0.0053    -45.6   -0.096   -0.426   -1.681    0.842      7.6    0.320    -50     1584     0    1    84    1       7
    2.95  118.6    8.3   0.0093   0.0053    -50.1    0.000   -0.468   -1.681    0.842      6.9    0.288    -48     1535     0    1    84    1       7
    2.96  118.8    8.3   0.0093   0.0053    -48.1   -0.052   -0.450   -1.893    0.750      7.5    0.315    -50     1485     0    1    84    1       7
    2.96  118.8    8.4   0.0093   0.0053    -50.3    0.000   -0.469   -1.892    0.749      9.8    0.411    -57     1428     0    1    84    1       7
    2.97  118.7    8.4   0.0093   0.0053    -56.9    0.005   -0.531   -1.896    0.602      8.2    0.343    -57     1428     0    1    85    1       7
    2.98  118.8    8.4   0.0093   0.0053    -56.9    0.005   -0.531   -1.938    0.599      8.1    0.341    -57     1428     0    1    85    1       7
    2.99  118.8    8.4   0.0093   0.0053      0.0    0.000    0.000   -1.938    0.599      8.0    0.338    -57     1428     0    1    85    1       7
    3.55  118.6    8.3   0.0093   0.0053      0.0    0.000    0.000   -4.451   -0.123      8.0    0.338    -57     1428     0    1    85    1       7
    3.55  118.3    8.6   0.0093   0.0053      0.0    0.000    0.000   -4.753   -0.078      8.0    0.338    -57     1428     0    1    85    1       7
    3.56  118.7    8.2   0.0093   0.0053      0.0   -0.150    0.000   -4.764   -0.175      8.0    0.338   -115     1705     0    1    85    1       7
    3.57  118.4    8.7   0.0093   0.0053   -115.0    0.000   -1.074   -4.750   -0.156      8.0    0.338   -121     1585     0    1    85    1       7
    3.58  118.7    8.3   0.0093   0.0576   -120.9    0.010   -1.129   -4.927    0.243     16.4    0.690   -138     1447     0    1    85    1       7
    3.59  118.8    8.3   0.0093   0.0576   -137.6    0.000   -1.286   -4.915    0.242     13.5    0.565   -138     1447     0    1    86    1       7
    3.60  118.8    8.4   0.0093   0.0576   -137.6    0.000   -1.286    2.233    0.720     12.9    0.543   -138     1447     0    1    86    1       7
    3.60  118.9    8.3   0.0093   0.0576      0.0    0.000    0.000    2.233    0.720     11.6    0.489   -138     1447     0    1    86    1       7
    3.61  118.9    8.4   0.0093   0.0576      0.0   -8.798    0.000   10.874    0.623     11.5    0.483    162     1982     0    1    86    1       7
    3.62  118.2    9.0   0.0093   0.0576    162.0    0.000    1.513   10.874    0.623     10.8    0.452    162     2144     0    1    86    1       7
    3.63  118.6    8.1   0.0093   0.0251    162.0    0.060    1.513   10.649    0.555     10.8    0.453    162     2307     0    1    86    1       7
    3.64  118.5    8.5   0.0093   0.0251    162.0    0.000    1.513   10.652    0.530     10.4    0.436    162     2307     0    1    87    1       7
    3.65  118.7    8.3   0.0093   0.0251    162.0    0.000    1.513   10.461    0.487     10.4    0.439    162     2307     0    1    87    1       7
    3.66  118.8    8.4   0.0093   0.0251      0.0    0.000    0.000   10.461    0.487     10.2    0.428    162     2307     0    1    87    1       7
    3.66  119.0    8.3   0.0093   0.0251      0.0    0.000    0.000   10.461    0.487      8.5    0.355    162     1982     0    1    87    1       7
    3.67  118.7    8.7   0.0093   0.0251    162.0    0.000    1.513   10.461    0.487      7.5    0.316    162     2144     0    1    87    1       7
    3.68  118.3    8.7   0.0093   0.0251    162.0   -0.035    1.513   10.181    0.463      8.9    0.373    162     2307     0    1    87    1       7
    3.69  117.7    8.9   0.0093   0.0251    162.0   -0.047    1.513   10.194    0.218      8.9    0.373    162     2307     0    1    88    1       7
    3.70  118.2    8.1   0.0093   0.0251    162.0   -0.047    1.513   10.206    0.212      8.9    0.373    162     2307     0    1    88    1       7
    3.71  118.7    8.1   0.0093   0.0251      0.0   10.369    0.000   -0.163   -0.081      8.5    0.355    162     2307     0    1    88    1       7
    3.71  118.9    8.3   0.0093   0.0602      0.0    0.000    0.000   -0.458   -0.085      8.9    0.374    -18     1803     0    1    88    1       7
    3.72  118.7    8.5  -0.7127   0.0602    -17.5   12.474   -0.163  -12.932   -0.135      8.9    0.372      4     1807     0    1    88    1       7
    3.73  118.9    8.3  -0.7127   0.0602      4.4    0.000   -3.119  -13.047   -0.124      9.1    0.384      4     1812     0    1    88    1       7
    3.74  118.5    8.7  -0.7127   0.0602      4.3    0.000   -3.029  -13.047   -0.124      9.0    0.378      5     1816     0    1    88    1       7
    3.75  118.8    8.2   0.4690   0.0602      4.5    2.111   -3.208  -15.355   -0.055      9.4    0.395     -8     1808     0    1    88    1       7
    3.76  118.9    8.3   0.4690   0.0602     -7.6    0.000   -3.577  -15.355   -0.055      9.4    0.393     -8     1801     0    1    88    1       7
    3.76  118.9    8.4   0.1784   0.0602     -7.8   -1.382   -3.635  -13.995    0.124      9.4    0.396    -19     1782     0    1    88    1       7
    3.77  118.6    8.6  -0.0487   0.0602    -18.9    0.920   -3.367  -15.543    0.284     10.8    0.452     76     1858     0    1    88    1       7
    3.78  118.1    8.8  -0.0487   0.0602     75.9    0.000   -3.696  -15.225    0.220     11.1    0.467     78     1936     0    1    88    1       7
    3.79  118.5    8.2  -0.0055   0.0602     78.0   -0.429   -3.800  -15.271    0.300     12.3    0.516    162     2098     0    1    88    1       7
    3.80  118.9    8.2  -0.0055   0.0602    162.0    0.000   -0.890  -14.955    0.236     12.0    0.506    162     2260     0    1    88    1       7
    5.83  118.4    8.8  -0.0055   0.0602    162.0    0.000   -0.890   -6.570    9.561     12.0    0.506    162     2260     0    1    88    1       7
    5.83  118.7    8.2  -0.0055   0.0602      0.0    0.000   -0.000   -6.641    9.582     12.0    0.506    162     2260     0    1    88    1       7
    5.84  118.6    8.5  -0.0055   0.0602      0.0   -0.239   -0.000   -6.479    9.968     12.0    0.506    162     1982     0    1    88    1       7
    5.85  118.8    8.3  -0.0055   0.0602    162.0    0.000   -0.890   -6.479    9.968     12.0    0.506    162     2144     0    1    88    1       7
    5.86  118.9    8.4  -0.0055   0.0602    162.0    0.000   -0.890   -6.479    9.968      6.0    0.254    162     2307     0    1    88    1       7
    5.87  118.2    8.9  -0.0055   0.0602    162.0   -0.093   -0.890   -6.341    7.489      5.3    0.222    162     2307     0    1    89    1       7
    5.88  118.6    8.2  -0.0055   0.0602    162.0   -0.093   -0.890   -6.418    7.512      5.3    0.223    162     2307     0    1    89    1       7
    5.88  118.9    8.2  -0.0055   0.0602      0.0    0.000   -0.000   -6.418    7.512      4.9    0.206    162     2307     0    1    89    1       7
    6.51  118.5    8.6  -0.0055   0.0602      0.0    0.000   -0.000  -11.168    0.627      4.9    0.206    162     2307     0    1    89    1       7
    6.52  118.4    8.5  -0.0055   0.0602      0.0    0.000   -0.000  -11.168    0.627      4.9    0.206    162     2307     0    1    89    1       7
    6.53  118.5    8.4  -0.0055   0.0620      0.0   -9.622   -0.000   -1.681    1.722      4.9    0.206     71     1891     0    1    89    1       7
    6.53  118.7    8.3  -0.0055   0.0620     70.6    0.000   -0.388   -1.681    1.722      4.9    0.206     70     1961     0    1    89    1       7
    6.54  119.0    8.2  -0.1328   0.0658     70.3   -9.332   -0.386    7.531    1.201     14.0    0.590    -12     1949     0    1    89    1       7
    6.55  118.7    8.6  -0.1328   0.0658    -12.3    0.000    1.627    7.531    1.201     11.6    0.488    -13     1936     0    1    89    1       7
    6.56  118.5    8.5  -0.2602   0.2397    -12.9    3.351    1.710    4.190    0.441     10.8    0.453     -4     1933     0    1    89    1       7
    6.57  118.8    8.3  -0.2602   0.2397     -3.5    0.000    0.911    4.190    0.441      9.6    0.403     -4     1929     0    1    89    1       7
    6.60  109.7   36.0  -1.0748   0.2397     -3.5    3.762    0.911    0.397    0.860      4.5    0.189     -0     1929     0    1    89    1       7
    6.61  109.9    8.9  -1.0748   0.2397     -0.1    0.000    0.134    0.397    0.860      3.5    0.146     -0     1929     0    1    89    1       7
    6.62  110.9    8.3  -1.0748   0.0232     -0.4   -0.569    0.403    0.943    0.914      5.4    0.227     -0     1928     0    1    89    1       7
    6.63  110.9    9.0  -1.0748   0.0232     -0.2    0.000    0.269    0.943    0.914      5.4    0.227     -0     1928     0    1    89    1       7
    6.64  112.4    7.9  -1.0748   0.0837     -0.3   -0.163    0.269    1.090   -0.049      4.5    0.190     -0     1928     0    1    89    1       7
    6.65  113.1    8.4  -1.0748   0.0837     -0.2    0.000    0.269    1.090   -0.049      4.2    0.174     -0     1928     0    1    89    1       7
    6.65  113.7    8.4  -1.0748   0.0837     -0.2   -0.073    0.269    1.151   -0.660      4.5    0.187     -0     1927     0    1    89    1       7
    6.66  114.2    8.4  -1.0748   0.0837     -0.2    0.000    0.269    1.151   -0.660      4.2    0.177     -0     1927     0    1    89    1       7
    6.67  114.2    8.8  -1.0748   0.0807     -0.3   -0.025    0.269    1.169   -0.554      3.9    0.162     -0     1927     0    1    89    1       7
    6.68  114.6    8.5  -1.0748   0.0807     -0.2    0.000    0.269    1.169   -0.554      3.4    0.144     -0     1927     0    1    89    1       7
    6.69  115.3    8.2  -1.0748   0.1701     -0.2    0.065    0.269    1.105   -0.363      2.5    0.106     -0     1926     0    1    89    1       7
    6.70  115.3    8.7  -1.0748   0.1701     -0.2    0.000    0.269    1.099   -0.359      2.0    0.083     -0     1926     0    1    89    1       7
    6.71  115.9    8.2  -1.0748   0.1701     -0.2    0.184    0.269    0.911   -0.254      0.7    0.030     -0     1926     0    1    89    1       7
    6.71  116.0    8.5  -1.0748   0.1701     -0.3    0.000    0.269    0.912   -0.247      0.1    0.004     -0     1926     0    1    89    1       7
    6.72  116.3    8.4  -1.0748   0.1701     -0.2    0.289    0.269    0.622   -0.187      0.0    0.000     -0     1926     0    1    89    1       7
    6.73  116.9    8.2  -1.0748   0.1701     -0.1    0.000    0.134    0.622   -0.187      0.0    0.000     -0     1925     0    1    89    1       7
    6.77  108.0   36.8  -1.0748   0.1701     -0.1    0.571    0.134    0.051   -0.161      0.0    0.000      0     1925     0    1    89    1       7
    6.78  108.2    9.1  -1.0748   0.1701      0.0    0.124   -0.000   -0.075   -0.024      0.0    0.000      0     1926     0    1    89    1       7
    6.78  109.5    8.2  -1.0748   0.1701      0.1    0.000   -0.134   -0.075   -0.024      0.0    0.000      0     1926     0    1    89    1       7
    6.79  110.2    8.6  -1.0748   0.1701      0.1   -0.024   -0.134   -0.053    0.162      0.0    0.000      0     1926     0    1    89    1       7
    6.80  111.6    8.1  -1.0748   0.1701      0.0    0.000   -0.000   -0.053    0.162      0.0    0.000      0     1926     0    1    89    1       7
    6.81  111.7    8.9  -1.0748   0.1701      0.0   -0.064   -0.000    0.009    0.307      0.0    0.000      0     1926     0    1    89    1       7
    6.82  113.2    7.9  -1.0748   0.1701      0.0    0.000   -0.000    0.009    0.307      0.0    0.000      0     1926     0    1    89    1       7
    6.83  113.2    8.8  -1.0748   0.1701      0.0   -0.053   -0.000    0.060    0.384      0.0    0.000      0     1926     0    1    89    1       7
    6.83  114.4    8.0  -1.0748   0.1701      0.0   -0.024   -0.000    0.084    0.403      0.0    0.000     -0     1926     0    1    89    1       7
    6.84  114.1    9.0  -1.0748   0.1701     -0.1    0.000    0.134    0.063    0.397      0.0    0.000     -0     1925     0    1    89    1       7
    6.85  114.4    8.5  -1.0748   0.1701     -0.1    0.000    0.134    0.046    0.315      0.0    0.000      0     1925     0    1    89    1       7
    6.86  115.7    7.8  -1.0748   0.1701      0.0    0.000   -0.000    0.048    0.322      0.0    0.000      0     1925     0    1    89    1       7
    6.87  115.3    9.0  -1.0748   0.1701      0.0    0.000   -0.000    0.048    0.322      0.0    0.002      0     1925     0    1    89    1       7
    6.88  116.5    7.9  -1.0748   0.1701      0.0   -0.013   -0.000    0.048    0.233      0.2    0.010      0     1925     0    1    89    1       7
    6.89  116.5    8.6  -1.0748   0.1701      0.0    0.000   -0.000    0.050    0.240      0.3    0.011      0     1925     0    1    89    1       7
    6.89  116.9    8.3  -1.0748   0.1701      0.0   -0.046   -0.000    0.084    0.155      0.3    0.012     -0     1925     0    1    89    1       7
    6.96  106.6   70.4  -1.0748   0.1701     -0.1    0.043    0.134   -0.042    0.081      1.4    0.059      0     1925     0    1    89    1       7
    6.97  107.6    8.6  -1.0748   0.1701      0.1   -0.423   -0.134    0.342    0.968      1.7    0.070     -0     1925     0    1    89    1       7
    6.98  107.6    9.3  -1.0748   0.1701     -0.2    0.000    0.269    0.342    0.968      1.4    0.057     -0     1925     0    1    89    1       7
    6.99  109.5    7.9  -1.0748   0.1701     -0.3    0.000    0.269    0.342    0.968      1.4    0.057     -0     1925     0    1    89    1       7
    7.00  109.9    8.8  -1.0748   0.1701     -0.2    0.000    0.269    0.342    0.968      0.5    0.022     -0     1924     0    1    89    1       7
    7.01  110.9    8.3  -1.0748   0.1701     -0.2    0.000    0.269    0.342    0.968      0.1    0.002     -0     1924     0    1    89    1       7
    7.02  110.3    9.6  -1.0748   0.2464     -0.2   -2.581    0.269    2.832    0.640      1.7    0.072     -1     1924     0    1    89    1       7
    7.02  111.9    7.9  -1.0748   0.2464     -0.6    0.000    0.672    2.832    0.640      2.0    0.083     -1     1923     0    1    89    1       7
    7.03  112.0    8.9  -1.0748   0.2464     -0.6    0.000    0.672    2.832    0.640      2.0    0.083     -1     1922     0    1    89    1       7
    7.04  113.0    8.2  -1.0748   0.2464     -0.6    0.000    0.672    2.832    0.640      1.8    0.077     -1     1922     0    1    89    1       7
    7.05  112.4    9.3  -1.0748   0.2464     -0.6   -0.043    0.672    2.814    0.338      2.3    0.098     -1     1921     0    1    89    1       7
    7.06  113.9    7.9  -1.0748   0.2464     -0.6    0.000    0.672    2.814    0.338      2.5    0.107     -1     1921     0    1    89    1       7
    7.07  109.7   13.8  -1.0748   0.2464     -0.5    0.000    0.538    2.814    0.338      2.0    0.085     -1     1920     0    1    89    1       7
    7.08  111.5    7.9  -1.0748   0.2464     -0.9    0.000    0.941    2.814    0.338      1.9    0.080     -0     1919     0    1    89    1       7
    7.09  112.9    8.0  -1.0748   0.2464     -0.5   -0.115    0.537    2.928    0.263      1.8    0.076     -1     1919     0    1    89    1       7
    7.10  113.1    8.6  -1.0748   0.2464     -0.6    0.000    0.672    2.709    0.146      2.3    0.097     -1     1918     0    1    89    1       7
    7.18  103.0   85.1  -1.0748   0.2464     -0.6   -0.791    0.672    3.096    0.166      5.0    0.211     -3     1915     0    1    89    1       7
    7.19  104.5    8.5  -0.0059   0.2464     -2.5    0.015    2.687    3.068    0.273      5.3    0.223   -114     1801     0    1    89    1       7
    7.20  105.8    8.5  -0.0059   0.2464   -114.1    0.022    0.670    2.884    0.257      5.9    0.246   -109     1693     0    1    89    1       7
    7.21  106.9    8.6  -0.0059   0.2464   -108.6    0.000    0.638    2.870    0.263      6.2    0.261   -106     1587     0    1    89    1       7
    7.22  108.3    8.3   0.0627   0.2464   -106.1   -6.650    0.623    9.337    0.327      6.7    0.282     34     1620     0    1    89    1       7
    7.22  109.3    8.4   0.0627   0.2464     33.5    0.000    2.099    9.322    0.324      6.9    0.290     34     1654     0    1    89    1       7
    7.23  110.0    8.6  -0.2361   0.2464     33.8   -7.968    2.115   17.078    0.482      7.2    0.302    -17     1637     0    1    89    1       7
    8.26  118.2    8.4  -0.2361   0.2464     33.8   -7.968    2.115   -5.866    5.191      7.2    0.302    -17     1637     0    1    89    1       7
    8.27  118.5    8.2  -0.2361   0.2464      0.0    0.000   -0.000   -5.866    5.191      7.2    0.302    -17     1637     0    1    89    1       7
    8.28  118.2    8.7  -0.2361   0.2464      0.0   -0.040   -0.000   -5.825    5.099      7.2    0.302      6     1826     0    1    89    1       7
    8.29  118.1    8.5  -0.2361   0.2464      5.9    0.000   -1.387   -2.949    4.976      7.2    0.302      3     1829     0    1    89    1       7
    8.30  118.3    8.3  -0.2361   0.2464      2.9    0.000   -0.679   -2.949    4.976    102.3    4.295     -1     1828     0    1    89    1       7
    8.31  118.3    8.5  -0.2361   0.2464     -1.3    0.000    0.295   -2.949    4.976     87.6    3.681     -1     1827     0    1    89    1       7
    8.31  118.4    8.4  -0.2361   0.2464     -1.1    0.000    0.266   -2.511    5.035     78.6    3.302     -1     1826     0    1    89    1       7
    8.32  118.1    8.6  -0.2361   0.2464     -1.1    0.000    0.266   -2.512    5.081     68.1    2.862     -1     1825     0    1    89    1       7
    8.33  118.6    8.2  -0.2361   0.2464     -1.0    0.000    0.236   -2.060    5.055     62.5    2.623     -1     1824     0    1    89    1       7
    8.37  109.0   43.6  -0.2361   0.2464     -1.0    0.000    0.236    4.581    5.428     87.5    3.674    -22     1802     0    1    89    1       7
    8.38  109.7    8.6  -0.2361   0.2464    -21.6    0.000    5.105    4.581    5.428     90.4    3.799     -8     1794     0    1    89    1       7
    8.39  110.8    8.3  -0.2361   0.2464     -8.0    0.000    1.889    6.451    6.178     95.7    4.020     -9     1785     0    1    89    1       7
    8.40  111.5    8.4  -0.2361   0.2464     -9.3    0.000    2.184    6.451    6.178     96.3    4.045    -10     1775     0    1    89    1       7
    8.41  112.3    8.4  -0.2361   0.2464    -10.3    0.000    2.420    8.052    7.233     98.7    4.146    -11     1763     0    1    89    1       7
    8.42  113.0    8.3  -0.2361   0.2464    -11.3    0.000    2.656    8.052    7.233    101.1    4.245    -12     1751     0    1    89    1       7
   11.18  119.0    7.6  -0.2361   0.2464    -11.3    0.000    2.656    0.126    0.481    101.1    4.245    -12     1751     0    1    89    1       7
   11.19  118.9    8.5  -0.2361   0.2464      0.0    0.000   -0.000    0.397    0.476    101.1    4.245    -12     1751     0    1    89    1       7
   11.20  119.1    8.3  -0.2361   0.2464      0.0    0.000   -0.000    0.397    0.476    101.1    4.245     -0     1820     0    1    89    1       7
   11.21  118.9    8.5  -0.2361   0.2464     -0.4    0.181    0.089    0.473    0.098    101.1    4.245     -1     1820     0    1    89    1       7
   11.22  118.8    8.5  -0.2361   0.2464     -0.5    0.000    0.118    0.473    0.098     15.6    0.654     -1     1818     0    1    89    1       7
   11.23  118.7    8.5  -0.1322   0.2464     -1.1    0.149    0.266    0.540   -0.377     16.1    0.675     -2     1816     0    1    89    1       7
   11.23  118.9    8.3  -0.1322   0.2464     -2.1    0.000    0.281    0.540   -0.377     14.5    0.611     -2     1814     0    1    89    1       7
   11.24  118.7    8.5  -0.0434   0.2464     -2.1    0.092    0.281    0.565   -0.944     13.8    0.581     -6     1808     0    1    89    1       7
   11.25  118.7    8.4  -0.0434   0.2464     -6.4    0.000    0.277    0.820   -0.920     14.6    0.613     -7     1800     0    1    89    1       7
   11.26  118.9    8.3  -0.0434   0.2464     -7.4    0.000    0.320    0.820   -0.920     14.2    0.597     -8     1793     0    1    89    1       7
   11.35  108.2   88.0   0.4402   0.2464     -7.6   -3.357    0.331    5.256    0.144     12.7    0.534     12     1805     0    1    89    1       7
   11.36  109.2    8.4   0.4402   0.2464     12.4    0.000    5.448    5.256    0.144     11.9    0.501      3     1808     0    1    89    1       7
   11.36  110.0    8.5  -0.0106   0.2464      3.1   -0.033    1.376    5.433    0.289     11.9    0.501   -132     1676     0    1    89    1       7
   11.37  110.9    8.4  -0.0106   0.2464   -131.9    0.000    1.392    5.433    0.289     11.5    0.483   -131     1545     0    1    89    1       7
   11.38  111.9    8.3  -0.0106   0.2464   -131.4    0.010    1.387    5.559    0.333     11.5    0.482   -132     1414     0    1    89    1       7
   11.39  112.6    8.4  -0.0106   0.2464   -131.5    0.000    1.389    5.559    0.333     11.0    0.462   -132     1414     0    1    90    1       7
   11.95  118.5    8.5  -0.0106   0.2464   -131.5    0.000    1.389   11.934   -1.335     11.0    0.462   -132     1414     0    1    90    1       7
   11.96  118.6    8.4  -0.0106   0.2464      0.0   12.416   -0.000   -0.516   -0.059     11.0    0.462   -132     1414     0    1    90    1       7
   11.96  118.7    8.4  -0.0106   0.2464      0.0    0.000   -0.000   -0.429   -0.059     11.0    0.462      9     1830     0    1    90    1       7
   11.97  118.9    8.3  -0.0106   0.2464      9.4    0.000   -0.099   -0.429   -0.059     11.0    0.462      9     1839     0    1    90    1       7
   11.98  118.8    8.5   0.6199   0.2464      9.3    5.735   -0.098   -6.122    0.758      3.7    0.154     -2     1837     0    1    90    1       7
   11.99  118.9    8.4   0.6199   0.2464     -2.3    0.000   -1.395   -6.122    0.758      3.3    0.137     -2     1835     0    1    90    1       7
   12.00  118.5    8.7  -1.0004   0.2464     -2.3    2.251   -1.395   -8.337    0.640      3.3    0.137      2     1837     0    1    90    1       7
   12.01  118.6    8.4  -1.0004   0.2464      2.0    0.000   -2.001   -8.337    0.640      3.0    0.126      2     1838     0    1    90    1       7
   12.01  118.8    8.3   0.7647   0.2464      1.9    1.434   -1.876   -9.807    0.329      2.4    0.102     -3     1836     0    1    90    1       7
   12.02  118.0    9.1   0.7647   0.2464     -2.9    0.000   -2.199   -9.749    0.314      2.4    0.100     -3     1832     0    1    90    1       7
   12.08  108.1   52.7   0.4008   0.2464     -3.1   -1.253   -2.390   -8.568   -1.155      1.1    0.048    -17     1815     0    1    90    1       7
   12.08  111.5    7.0   0.4008   0.2464    -17.0    0.000   -6.814   -8.563   -1.147      0.0    0.000     -4     1811     0    1    90    1       7
   12.09  111.8    8.8   0.4008   0.2464     -4.3    0.000   -1.704   -8.563   -1.147      0.7    0.028     -5     1806     0    1    90    1       7
   12.10  112.7    8.2   0.0289  -0.3910     -5.1   -0.148   -2.054   -8.467   -1.588      0.0    0.000    -66     1740     0    1    90    1       7
   12.11  113.5    8.3   0.0289  -0.3910    -66.1    0.000   -1.912   -8.467   -1.588      1.8    0.077    -68     1672     0    1    90    1       7
   12.12  113.8    8.6   0.0289  -0.3910    -67.9   -0.144   -1.962   -8.388   -1.458      2.7    0.113    -69     1603     0    1    90    1       7
   12.13  114.0    8.6   0.0289  -0.3910    -69.1    0.000   -1.998   -8.382   -1.459      2.6    0.110    -70     1533     0    1    90    1       7
   12.13  114.9    8.1   0.0270  -0.3910    -69.8   -1.576   -2.017   -6.816   -1.631      2.5    0.104    -58     1475     0    1    90    1       7
   12.14  115.0    8.6   0.0270  -0.3910    -57.8    0.000   -1.560   -6.794   -1.636      2.1    0.087    -61     1415     0    1    90    1       7
   12.15  115.5    8.3   0.1540   0.2293    -60.6   -9.336   -1.638    2.463   -1.875      2.4    0.102      4     1418     0    1    90    1       7
   12.16  116.0    8.3   0.1540   0.2293      3.5    0.000    0.539    2.481   -1.879      2.3    0.095      4     1422     0    1    90    1       7
   12.17  116.2    8.5   0.1540  -0.1346      3.5  -10.174    0.539   12.619   -2.086      2.0    0.084     19     1441     0    1    90    1       7
   12.56  118.7    8.4   0.1540  -0.1346      3.5  -10.174    0.539   13.140   -0.673      2.0    0.084     19     1441     0    1    90    1       7
   12.56  118.6    8.5   0.1540  -0.1346      0.0    0.000    0.000   13.140   -0.673      2.0    0.084     19     1441     0    1    90    1       7
   12.57  118.9    8.2   0.1540  -0.1346      0.0    9.230    0.000    3.942   -0.684      2.0    0.084      6     1826     0    1    90    1       7
   12.58  118.9    8.5   0.1540  -0.1346      5.8    0.000    0.885    4.050   -0.685      2.0    0.084      6     1832     0    1    90    1       7
   12.67  108.1   93.1   1.1516  -0.0141      6.1    7.054    0.943   -2.133   -0.645      9.0    0.379     -2     1831     0    1    90    1       7
   12.68  109.2    8.4   1.1516  -0.0141     -1.5    0.000   -1.728   -2.133   -0.645      8.7    0.367     -0     1830     0    1    90    1       7
   12.69  110.1    8.5   1.1516  -0.0141     -0.4   -0.015   -0.432   -1.994   -0.595      8.8    0.369     -0     1830     0    1    90    1       7
   12.70  110.9    8.4   1.1516  -0.0141     -0.4    0.000   -0.432   -1.994   -0.595      8.6    0.363     -0     1830     0    1    90    1       7
   12.71  111.7    8.4   1.1516   0.4133     -0.4    0.042   -0.432   -1.934   -4.602      8.8    0.370     -0     1829     0    1    90    1       7
   12.72  111.9    8.8   1.1516   0.4133     -0.2    0.000   -0.288   -1.934   -4.602      8.7    0.364     -0     1829     0    1    90    1       7
   12.72  112.8    8.3   1.1516  -0.5118     -0.2   -0.111   -0.288   -1.715   -5.917      8.3    0.350     -0     1829     0    1    90    1       7
   12.73  112.9    8.8   1.1516  -0.5118     -0.3    0.000   -0.288   -1.715   -5.917      6.3    0.266     -0     1829     0    1    90    1       7
   12.74  113.5    8.4   1.1516  -0.0398     -0.2   -0.071   -0.288   -1.532   -5.781      6.6    0.279     -0     1828     0    1    90    1       7
   12.75  114.6    8.0   1.1516  -0.0398     -0.2    0.000   -0.288   -1.532   -5.781      6.5    0.271     -0     1828     0    1    90    1       7
   12.76  113.2    9.9   1.1516   0.0285     -0.2   -0.073   -0.288   -1.326   -6.684      6.7    0.282     -0     1828     0    1    90    1       7
   12.77  115.9    7.1   1.1516   0.0285     -0.3    0.000   -0.288   -1.326   -6.684      6.7    0.280     -0     1828     0    1    90    1       7
   12.78  116.0    8.5   1.1516  -0.0797     -0.1   -0.087   -0.144   -1.115  -10.372      6.9    0.289     -0     1828     0    1    90    1       7
   12.78  116.6    8.2   1.1516  -0.0797     -0.1    0.000   -0.144   -1.115  -10.372      6.8    0.287     -0     1828     0    1    90    1       7
   12.79  116.7    8.5   1.1516  -0.2384     -0.1   -0.066   -0.144   -0.898   -3.366      7.1    0.296     -0     1827     0    1    90    1       7
   12.80  117.0    8.3   1.1516  -0.2384     -0.1    0.000   -0.144   -0.898   -3.366      7.1    0.297     -0     1827     0    1    90    1       7
   12.85  107.3   49.9   1.1516   1.7206     -0.1   -0.093   -0.144   -0.425   -8.720      7.4    0.309     -0     1827     0    1    90    1       7
   12.86  107.8    8.9   1.1516  -0.0196     -0.1   -0.008   -0.144   -0.298   -8.787      7.7    0.323      0     1827     0    1    90    1       7
   12.87  109.4    8.1   1.1516  -0.0196      0.0    0.000    0.000   -0.298   -8.787      7.6    0.318      0     1827     0    1    90    1       7
   12.88  109.7    8.9   1.1516  -0.0196      0.0   -0.001    0.000   -0.180   -8.509      7.7    0.325      0     1827     0    1    90    1       7
   12.88  111.4    7.9   1.1516  -0.0196      0.1    0.000    0.144   -0.180   -8.509      7.0    0.294      0     1827     0    1    91    1       7
   13.69  118.8    8.4   1.1516  -0.0196      0.1    0.000    0.144    7.665   -3.660      7.0    0.294      0     1827     0    1    91    1       7
   13.70  118.7    8.4   1.1516  -0.0196      0.0    0.000    0.000    7.665   -3.660      7.0    0.294      0     1827     0    1    91    1       7
   13.70  118.4    8.7   1.1516  -0.0196      0.0    0.037    0.000    7.595    2.275      7.0    0.294      2     1822     0    1    91    1       7
   13.71  118.4    8.4   0.6382   0.2223      1.6    1.037    1.872    6.623    8.382      7.0    0.294      2     1824     0    1    91    1       7
   13.72  118.5    8.4   0.6382   0.2223      2.4    0.000    1.516    6.419    8.394      4.0    0.169      2     1827     0    1    91    1       7
   13.73  118.5    8.4   0.6382   0.2223      2.3    0.000    1.436    6.419    8.394      4.6    0.193      2     1829     0    1    91    1       7
   13.74  118.5    8.4   0.6133  -0.1091      2.3    1.250    1.436    4.759    9.476      9.4    0.395      2     1831     0    1    91    1       7
   13.75  118.5    8.5   0.6133  -0.1091      1.8    0.000    1.073    4.759    9.476     10.8    0.453      2     1832     0    1    91    1       7
   13.75  117.7    9.1   0.3288  -0.0263      1.6    0.534    0.997    3.855    9.009     13.6    0.573      3     1835     0    1    91    1       7
   13.76  118.1    8.2   0.3288  -0.0263      2.6    0.000    0.863    3.855    9.009     14.3    0.602      2     1837     0    1    91    1       7
   13.77  117.2    9.2   0.0932   0.0560      2.3    0.210    0.740    3.053   13.432     17.2    0.723      7     1844     0    1    91    1       7
   14.77  118.1    8.2   0.0932   0.0560      2.3    0.210    0.740    6.139    7.575     17.2    0.723      7     1844     0    1    91    1       7
   14.78  118.5    8.2   0.0932   0.0560      0.0    0.000    0.000    6.139    7.575     17.2    0.723      7     1844     0    1    91    1       7
   14.79  118.6    8.3   0.0932   0.0560      0.0    0.000    0.000    6.139    7.575     17.2    0.723     15     1836     0    1    91    1       7
   14.80  116.7   10.1   0.0494   0.0132     15.1    0.748    1.410    5.452    7.191     17.2    0.723     30     1865     0    1    91    1       7
   14.80  119.8    6.7   0.0284   0.0132     29.9    0.850    1.477    4.589    6.486      2.2    0.093     31     1897     0    1    91    1       7
   14.81  119.3    8.7   0.0284   0.0132     31.3    0.000    0.889    4.952    6.478      7.6    0.321     43     1939     0    1    91    1       7
   14.82  119.4    8.4   0.0284   0.0132     42.8    0.000    1.216    4.952    6.478      8.9    0.374     43     1939     0    1    92    1       7
   14.83  119.6    8.2   0.0284   0.0132     42.8    0.000    1.216    4.571   -3.261     10.4    0.438     43     1939     0    1    92    1       7
   14.84  119.5    8.4   0.0284   0.0132      0.0    0.000    0.000    4.571   -3.261     10.5    0.440     43     1939     0    1    92    1       7
   14.85  119.1    8.6   0.0284   0.0132      0.0    2.411    0.000    2.358   -5.332     11.2    0.470     23     1843     0    1    92    1       7
   14.85  118.8    8.6   0.0284   0.0132     23.0    0.000    0.654    2.419   -5.347     11.4    0.479     24     1867     0    1    92    1       7
   14.86  119.3    8.1   0.0284   0.0132     23.9    0.000    0.679    2.419   -5.347     11.1    0.467     23     1890     0    1    92    1       7
   14.87  119.1    8.5   0.1006   0.0719     23.1    2.326    0.658    0.633    1.000     12.7    0.535      2     1892     0    1    92    1       7
   14.88  118.8    8.6   0.1006   0.0719      2.0    0.000    0.201    0.633    1.000     15.7    0.658      3     1895     0    1    92    1       7
   14.89  118.9    8.3   0.6185   0.0719      2.9    1.778    0.289   -1.166   10.642     13.5    0.566     -0     1895     0    1    92    1       7
   14.90  119.0    8.3   0.6185   0.0719     -0.2    0.000   -0.155   -0.879   10.555     17.4    0.731     -0     1895     0    1    92    1       7
   15.00  108.1  100.0   0.6185   0.0666     -0.1    4.522   -0.077   -4.922    8.845      6.1    0.257     -7     1888     0    1    92    1       7
   15.00  110.4    7.7   0.6185   0.0666     -7.3    0.000   -4.484   -4.922    8.845      4.6    0.195     -2     1886     0    1    92    1       7
   15.01  111.0    8.6  -0.2054   0.0060     -1.6    0.334   -1.005   -5.471    8.651      5.0    0.212      6     1892     0    1    92    1       7
   15.02  111.5    8.6  -0.2054   0.0060      5.9    0.000   -1.207   -5.471    8.651      4.5    0.188      6     1898     0    1    92    1       7
   15.03  112.8    8.1  -0.2054   0.0060      5.9    0.000   -1.207   -5.471    8.651      7.9    0.330      6     1898     0    1    93    1       7
   15.04  113.4    8.4  -0.2054   0.0060      5.9    0.000   -1.207   -5.668   -3.235      7.8    0.326      6     1898     0    1    93    1       7
   15.05  113.8    8.5  -0.2054   0.0060      0.0    0.000   -0.000   -5.668   -3.235      6.9    0.290      6     1898     0    1    93    1       7
   15.05  114.2    8.5  -0.2054   0.0060      0.0    0.000   -0.000   -5.668   -3.235      6.0    0.251      7     1827     0    1    93    1       7
   15.06  114.4    8.7  -0.0571   0.0060      6.8   -0.386   -1.387   -5.931   -3.273     10.3    0.433     25     1852     0    1    93    1       7
   15.07  115.1    8.2  -0.0571   0.0060     25.0    0.000   -1.429   -5.931   -3.273     12.8    0.538     25     1877     0    1    93    1       7
   15.08  115.3    8.6  -0.0571   0.0651     25.1    0.012   -1.436   -6.316    4.714     16.4    0.689     28     1905     0    1    93    1       7
   15.09  114.9    9.0  -0.0571   0.0651     27.9    0.000   -1.593   -6.456    4.722     20.5    0.861     31     1936     0    1    93    1       7
   15.10  116.3    7.7  -0.0571   0.0651     30.9    0.000   -1.765   -6.456    4.722     22.1    0.930     28     1964     0    1    93    1       7
   15.10  116.4    8.6   0.0158  -0.8724     28.1    0.444   -1.607   -7.413   18.145     25.4    1.068   -125     1839     0    1    93    1       7
   15.14  117.2    8.5  -0.0218  -0.7970   -124.8    2.720   -1.970  -10.684   14.923     30.7    1.291    126     1966     0    1    93    1       7
   15.15  117.4    8.4  -0.0218  -0.7970    126.3    0.000   -2.753  -10.684   14.923     31.7    1.331    128     2094     0    1    93    1       7
