     0.0 health  журнал открыт: /storage/emulated/0/benzhack/xvcen_health.log
     0.0 app     приоритет выживания (oom_score_adj): понижен убийца памяти реже нас выбирает
     0.3 app     старт: экран 2460x1080, ориентация 0, темп оверлея 60 Гц, пик панели 60 Гц, сборка релиз, тач: инъекция есть
     0.5 attach  процесса игры нет — ждём (сборка релиз)
     0.5 health  пульс: привязано=нет fps=60 чтений=0(+0) отказов=0(+0) инъекция=есть, память 110 МБ, fd 44, потоков 24, oom_adj -300
     5.3 attach  привязались: pid=20540 база=0x71e122e000 сборка=релиз (привязка №1)
     8.3 esp     сторож: 3.0 с без кадра (за это время кадров 176) — сброс кэшей мира (сбросов 1)
    11.3 esp     сторож: 3.0 с без кадра (за это время кадров 180) — сброс кэшей мира (сбросов 2)
    14.4 esp     сторож: 3.0 с без кадра (за это время кадров 180) — сброс кэшей мира (сбросов 3)
    15.8 attach  перепривязка по сторожу ESP (кадров без публикации: 85)
    17.4 attach  привязались: pid=20540 база=0x71e122e000 сборка=релиз (привязка №2)
    20.4 esp     сторож: 3.0 с без кадра (за это время кадров 180) — сброс кэшей мира (сбросов 1)
    23.4 esp     сторож: 3.0 с без кадра (за это время кадров 180) — сброс кэшей мира (сбросов 2)
    26.4 esp     сторож: 3.0 с без кадра (за это время кадров 180) — сброс кэшей мира (сбросов 3)
    27.9 attach  перепривязка по сторожу ESP (кадров без публикации: 85)
    29.4 attach  привязались: pid=20540 база=0x71e122e000 сборка=релиз (привязка №3)
    30.9 health  пульс: привязано=да fps=60 чтений=5239(+5239) отказов=0(+0) инъекция=есть, память 115 МБ, fd 54, потоков 24, oom_adj -300
    32.4 esp     сторож: 3.0 с без кадра (за это время кадров 180) — сброс кэшей мира (сбросов 1)
    35.4 esp     сторож: 3.0 с без кадра (за это время кадров 180) — сброс кэшей мира (сбросов 2)
    38.5 esp     сторож: 3.0 с без кадра (за это время кадров 180) — сброс кэшей мира (сбросов 3)
    39.9 attach  перепривязка по сторожу ESP (кадров без публикации: 86)
    41.5 attach  привязались: pid=20540 база=0x71e122e000 сборка=релиз (привязка №4)
    44.5 esp     сторож: 3.0 с без кадра (за это время кадров 180) — сброс кэшей мира (сбросов 1)
    47.5 esp     сторож: 3.0 с без кадра (за это время кадров 179) — сброс кэшей мира (сбросов 2)
    50.5 esp     сторож: 3.0 с без кадра (за это время кадров 180) — сброс кэшей мира (сбросов 3)
    52.0 attach  перепривязка по сторожу ESP (кадров без публикации: 86)
    53.5 attach  привязались: pid=20540 база=0x71e122e000 сборка=релиз (привязка №5)
    61.0 health  пульс: привязано=да fps=60 чтений=72926(+67687) отказов=4956(+4956) инъекция=есть, память 105 МБ, fd 54, потоков 24, oom_adj -300
    91.0 health  пульс: привязано=да fps=59 чтений=166248(+93322) отказов=6642(+1686) инъекция=есть, память 90 МБ, fd 55, потоков 24, oom_adj -300
